[    2276ms] [INFO] %cDownload the React DevTools for a better development experience: https://react.dev/link/react-devtools font-weight:bold @ http://localhost:3000/_next/static/chunks/bb610_next_dist_compiled_react-dom_c8e63228._.js:14537
[   47055ms] [LOG] [WS] creating socket: ws://localhost:8000/ws/sessions/01KV8NWND9VAYSW85AMMT9H74Y @ http://localhost:3000/_next/static/chunks/Documents_GitHub_aede_ui_49f4b20c._.js:1314
[   47056ms] [LOG] [WS] creating socket: ws://localhost:8000/ws/sessions/01KV8NWND9VAYSW85AMMT9H74Y @ http://localhost:3000/_next/static/chunks/Documents_GitHub_aede_ui_49f4b20c._.js:1314
[   47066ms] [LOG] [WS] creating socket: ws://localhost:8000/ws/sessions/01KV8NWND9VAYSW85AMMT9H74Y @ http://localhost:3000/_next/static/chunks/Documents_GitHub_aede_ui_49f4b20c._.js:1314
[   47072ms] [LOG] [WS] send deferred - socket not OPEN yet, retrying... @ http://localhost:3000/_next/static/chunks/Documents_GitHub_aede_ui_49f4b20c._.js:1376
[   47076ms] [LOG] [WS] cleanup - readyState: 0 session: 01KV8NWND9VAYSW85AMMT9H74Y @ http://localhost:3000/_next/static/chunks/Documents_GitHub_aede_ui_49f4b20c._.js:1339
[   47076ms] [LOG] [WS] cleanup - readyState: 0 session: 01KV8NWND9VAYSW85AMMT9H74Y @ http://localhost:3000/_next/static/chunks/Documents_GitHub_aede_ui_49f4b20c._.js:1339
[   47077ms] [LOG] [WS] cleanup - readyState: 0 session: 01KV8NWND9VAYSW85AMMT9H74Y @ http://localhost:3000/_next/static/chunks/Documents_GitHub_aede_ui_49f4b20c._.js:1339
[   47078ms] [LOG] [WS] creating socket: ws://localhost:8000/ws/sessions/01KV8NWND9VAYSW85AMMT9H74Y @ http://localhost:3000/_next/static/chunks/Documents_GitHub_aede_ui_49f4b20c._.js:1314
[   47079ms] [LOG] [WS] creating socket: ws://localhost:8000/ws/sessions/01KV8NWND9VAYSW85AMMT9H74Y @ http://localhost:3000/_next/static/chunks/Documents_GitHub_aede_ui_49f4b20c._.js:1314
[   47083ms] [LOG] [WS] creating socket: ws://localhost:8000/ws/sessions/01KV8NWND9VAYSW85AMMT9H74Y @ http://localhost:3000/_next/static/chunks/Documents_GitHub_aede_ui_49f4b20c._.js:1314
[   48043ms] [LOG] [WS] onopen - readyState: 1 session: 01KV8NWND9VAYSW85AMMT9H74Y @ http://localhost:3000/_next/static/chunks/Documents_GitHub_aede_ui_49f4b20c._.js:1319
[   48043ms] [LOG] [WS] onopen - readyState: 1 session: 01KV8NWND9VAYSW85AMMT9H74Y @ http://localhost:3000/_next/static/chunks/Documents_GitHub_aede_ui_49f4b20c._.js:1319
[   48043ms] [LOG] [WS] onopen - readyState: 1 session: 01KV8NWND9VAYSW85AMMT9H74Y @ http://localhost:3000/_next/static/chunks/Documents_GitHub_aede_ui_49f4b20c._.js:1319
[   48078ms] [LOG] [WS] send success - sending payload type: user_message @ http://localhost:3000/_next/static/chunks/Documents_GitHub_aede_ui_49f4b20c._.js:1368
[   48080ms] [LOG] [WS] send succeeded after 9 retries @ http://localhost:3000/_next/static/chunks/Documents_GitHub_aede_ui_49f4b20c._.js:1384
[   62174ms] [LOG] [Fast Refresh] rebuilding @ http://localhost:3000/_next/static/chunks/bb610_next_dist_client_56815ff6._.js:5964
[   63016ms] [LOG] [Fast Refresh] done in 944ms @ http://localhost:3000/_next/static/chunks/bb610_next_dist_client_56815ff6._.js:5824
[  101360ms] [LOG] [Fast Refresh] rebuilding @ http://localhost:3000/_next/static/chunks/bb610_next_dist_client_56815ff6._.js:5964
[  101911ms] [LOG] [Fast Refresh] done in 651ms @ http://localhost:3000/_next/static/chunks/bb610_next_dist_client_56815ff6._.js:5824
[  161492ms] [LOG] [Fast Refresh] rebuilding @ http://localhost:3000/_next/static/chunks/bb610_next_dist_client_56815ff6._.js:5964
[  161868ms] [LOG] [Fast Refresh] done in 477ms @ http://localhost:3000/_next/static/chunks/bb610_next_dist_client_56815ff6._.js:5824
[  228902ms] [LOG] [WS] onclose - code: 1006 reason:  wasClean: false session: 01KV8NWND9VAYSW85AMMT9H74Y @ http://localhost:3000/_next/static/chunks/Documents_GitHub_aede_ui_49f4b20c._.js:1334
[  228907ms] [LOG] [WS] onclose - code: 1006 reason:  wasClean: false session: 01KV8NWND9VAYSW85AMMT9H74Y @ http://localhost:3000/_next/static/chunks/Documents_GitHub_aede_ui_49f4b20c._.js:1334
[  228907ms] [LOG] [WS] onclose - code: 1006 reason:  wasClean: false session: 01KV8NWND9VAYSW85AMMT9H74Y @ http://localhost:3000/_next/static/chunks/Documents_GitHub_aede_ui_49f4b20c._.js:1334
[  234506ms] [ERROR] Failed to load resource: net::ERR_CONNECTION_REFUSED @ http://localhost:8000/api/acp/status:0
[  237886ms] [ERROR] Failed to load resource: net::ERR_CONNECTION_REFUSED @ http://localhost:8000/api/acp/status:0
[  242250ms] [ERROR] Failed to load resource: net::ERR_CONNECTION_REFUSED @ http://localhost:8000/api/acp/status:0
[  248620ms] [ERROR] Failed to load resource: net::ERR_CONNECTION_REFUSED @ http://localhost:8000/api/acp/status:0
[  255992ms] [ERROR] Failed to load resource: net::ERR_CONNECTION_REFUSED @ http://localhost:8000/api/acp/status:0
[  295412ms] [LOG] [WS] cleanup - readyState: 3 session: 01KV8NWND9VAYSW85AMMT9H74Y @ http://localhost:3000/_next/static/chunks/Documents_GitHub_aede_ui_49f4b20c._.js:1339
[  295414ms] [LOG] [WS] cleanup - readyState: 3 session: 01KV8NWND9VAYSW85AMMT9H74Y @ http://localhost:3000/_next/static/chunks/Documents_GitHub_aede_ui_49f4b20c._.js:1339
[  295415ms] [LOG] [WS] cleanup - readyState: 3 session: 01KV8NWND9VAYSW85AMMT9H74Y @ http://localhost:3000/_next/static/chunks/Documents_GitHub_aede_ui_49f4b20c._.js:1339
[  313412ms] [LOG] [WS] creating socket: ws://localhost:8000/ws/sessions/01KV8P4SCK5VJYD0SF13ZWVSCA @ http://localhost:3000/_next/static/chunks/Documents_GitHub_aede_ui_49f4b20c._.js:1314
[  313416ms] [LOG] [WS] creating socket: ws://localhost:8000/ws/sessions/01KV8P4SCK5VJYD0SF13ZWVSCA @ http://localhost:3000/_next/static/chunks/Documents_GitHub_aede_ui_49f4b20c._.js:1314
[  313430ms] [LOG] [WS] creating socket: ws://localhost:8000/ws/sessions/01KV8P4SCK5VJYD0SF13ZWVSCA @ http://localhost:3000/_next/static/chunks/Documents_GitHub_aede_ui_49f4b20c._.js:1314
[  313433ms] [LOG] [WS] send deferred - socket not OPEN yet, retrying... @ http://localhost:3000/_next/static/chunks/Documents_GitHub_aede_ui_49f4b20c._.js:1376
[  313438ms] [LOG] [WS] cleanup - readyState: 0 session: 01KV8P4SCK5VJYD0SF13ZWVSCA @ http://localhost:3000/_next/static/chunks/Documents_GitHub_aede_ui_49f4b20c._.js:1339
[  313439ms] [LOG] [WS] cleanup - readyState: 0 session: 01KV8P4SCK5VJYD0SF13ZWVSCA @ http://localhost:3000/_next/static/chunks/Documents_GitHub_aede_ui_49f4b20c._.js:1339
[  313439ms] [LOG] [WS] cleanup - readyState: 0 session: 01KV8P4SCK5VJYD0SF13ZWVSCA @ http://localhost:3000/_next/static/chunks/Documents_GitHub_aede_ui_49f4b20c._.js:1339
[  313441ms] [LOG] [WS] creating socket: ws://localhost:8000/ws/sessions/01KV8P4SCK5VJYD0SF13ZWVSCA @ http://localhost:3000/_next/static/chunks/Documents_GitHub_aede_ui_49f4b20c._.js:1314
[  313443ms] [LOG] [WS] creating socket: ws://localhost:8000/ws/sessions/01KV8P4SCK5VJYD0SF13ZWVSCA @ http://localhost:3000/_next/static/chunks/Documents_GitHub_aede_ui_49f4b20c._.js:1314
[  313448ms] [LOG] [WS] creating socket: ws://localhost:8000/ws/sessions/01KV8P4SCK5VJYD0SF13ZWVSCA @ http://localhost:3000/_next/static/chunks/Documents_GitHub_aede_ui_49f4b20c._.js:1314
[  314434ms] [LOG] [WS] onopen - readyState: 1 session: 01KV8P4SCK5VJYD0SF13ZWVSCA @ http://localhost:3000/_next/static/chunks/Documents_GitHub_aede_ui_49f4b20c._.js:1319
[  314435ms] [LOG] [WS] onopen - readyState: 1 session: 01KV8P4SCK5VJYD0SF13ZWVSCA @ http://localhost:3000/_next/static/chunks/Documents_GitHub_aede_ui_49f4b20c._.js:1319
[  314435ms] [LOG] [WS] onopen - readyState: 1 session: 01KV8P4SCK5VJYD0SF13ZWVSCA @ http://localhost:3000/_next/static/chunks/Documents_GitHub_aede_ui_49f4b20c._.js:1319
[  314539ms] [LOG] [WS] send success - sending payload type: user_message @ http://localhost:3000/_next/static/chunks/Documents_GitHub_aede_ui_49f4b20c._.js:1368
[  314540ms] [LOG] [WS] send succeeded after 10 retries @ http://localhost:3000/_next/static/chunks/Documents_GitHub_aede_ui_49f4b20c._.js:1384
[  327540ms] [LOG] [Fast Refresh] rebuilding @ http://localhost:3000/_next/static/chunks/bb610_next_dist_client_56815ff6._.js:5964
[  328109ms] [LOG] [Fast Refresh] done in 672ms @ http://localhost:3000/_next/static/chunks/bb610_next_dist_client_56815ff6._.js:5824
[  413960ms] [LOG] [Fast Refresh] rebuilding @ http://localhost:3000/_next/static/chunks/bb610_next_dist_client_56815ff6._.js:5964
[  414443ms] [LOG] [Fast Refresh] done in 586ms @ http://localhost:3000/_next/static/chunks/bb610_next_dist_client_56815ff6._.js:5824
[ 1264455ms] [LOG] [Fast Refresh] rebuilding @ http://localhost:3000/_next/static/chunks/bb610_next_dist_client_56815ff6._.js:5964
[ 1264462ms] [LOG] [Fast Refresh] done in 119ms @ http://localhost:3000/_next/static/chunks/bb610_next_dist_client_56815ff6._.js:5824
[ 1264969ms] [LOG] [Fast Refresh] rebuilding @ http://localhost:3000/_next/static/chunks/bb610_next_dist_client_56815ff6._.js:5964
[ 1265158ms] [LOG] [Fast Refresh] done in 289ms @ http://localhost:3000/_next/static/chunks/bb610_next_dist_client_56815ff6._.js:5824
[ 1265554ms] [INFO] %cDownload the React DevTools for a better development experience: https://react.dev/link/react-devtools font-weight:bold @ http://localhost:3000/_next/static/chunks/bb610_next_dist_compiled_react-dom_c8e63228._.js:14537
[ 1267942ms] [LOG] [WS] creating socket: ws://localhost:8000/ws/sessions/01KV8P4SCK5VJYD0SF13ZWVSCA @ http://localhost:3000/_next/static/chunks/Documents_GitHub_aede_ui_49f4b20c._.js:1314
[ 1267944ms] [LOG] [WS] creating socket: ws://localhost:8000/ws/sessions/01KV8P4SCK5VJYD0SF13ZWVSCA @ http://localhost:3000/_next/static/chunks/Documents_GitHub_aede_ui_49f4b20c._.js:1314
[ 1267956ms] [LOG] [WS] creating socket: ws://localhost:8000/ws/sessions/01KV8P4SCK5VJYD0SF13ZWVSCA @ http://localhost:3000/_next/static/chunks/Documents_GitHub_aede_ui_49f4b20c._.js:1314
[ 1267961ms] [LOG] [WS] cleanup - readyState: 0 session: 01KV8P4SCK5VJYD0SF13ZWVSCA @ http://localhost:3000/_next/static/chunks/Documents_GitHub_aede_ui_49f4b20c._.js:1339
[ 1267962ms] [LOG] [WS] cleanup - readyState: 0 session: 01KV8P4SCK5VJYD0SF13ZWVSCA @ http://localhost:3000/_next/static/chunks/Documents_GitHub_aede_ui_49f4b20c._.js:1339
[ 1267963ms] [LOG] [WS] cleanup - readyState: 0 session: 01KV8P4SCK5VJYD0SF13ZWVSCA @ http://localhost:3000/_next/static/chunks/Documents_GitHub_aede_ui_49f4b20c._.js:1339
[ 1267964ms] [LOG] [WS] creating socket: ws://localhost:8000/ws/sessions/01KV8P4SCK5VJYD0SF13ZWVSCA @ http://localhost:3000/_next/static/chunks/Documents_GitHub_aede_ui_49f4b20c._.js:1314
[ 1267966ms] [LOG] [WS] creating socket: ws://localhost:8000/ws/sessions/01KV8P4SCK5VJYD0SF13ZWVSCA @ http://localhost:3000/_next/static/chunks/Documents_GitHub_aede_ui_49f4b20c._.js:1314
[ 1267978ms] [LOG] [WS] creating socket: ws://localhost:8000/ws/sessions/01KV8P4SCK5VJYD0SF13ZWVSCA @ http://localhost:3000/_next/static/chunks/Documents_GitHub_aede_ui_49f4b20c._.js:1314
[ 1268887ms] [LOG] [WS] onopen - readyState: 1 session: 01KV8P4SCK5VJYD0SF13ZWVSCA @ http://localhost:3000/_next/static/chunks/Documents_GitHub_aede_ui_49f4b20c._.js:1319
[ 1268887ms] [LOG] [WS] onopen - readyState: 1 session: 01KV8P4SCK5VJYD0SF13ZWVSCA @ http://localhost:3000/_next/static/chunks/Documents_GitHub_aede_ui_49f4b20c._.js:1319
[ 1268888ms] [LOG] [WS] onopen - readyState: 1 session: 01KV8P4SCK5VJYD0SF13ZWVSCA @ http://localhost:3000/_next/static/chunks/Documents_GitHub_aede_ui_49f4b20c._.js:1319
[ 1280098ms] [LOG] [WS] cleanup - readyState: 1 session: 01KV8P4SCK5VJYD0SF13ZWVSCA @ http://localhost:3000/_next/static/chunks/Documents_GitHub_aede_ui_49f4b20c._.js:1339
[ 1280099ms] [LOG] [WS] cleanup - readyState: 1 session: 01KV8P4SCK5VJYD0SF13ZWVSCA @ http://localhost:3000/_next/static/chunks/Documents_GitHub_aede_ui_49f4b20c._.js:1339
[ 1280100ms] [LOG] [WS] cleanup - readyState: 1 session: 01KV8P4SCK5VJYD0SF13ZWVSCA @ http://localhost:3000/_next/static/chunks/Documents_GitHub_aede_ui_49f4b20c._.js:1339
[ 1280101ms] [LOG] [WS] creating socket: ws://localhost:8000/ws/sessions/01KV8NWND9VAYSW85AMMT9H74Y @ http://localhost:3000/_next/static/chunks/Documents_GitHub_aede_ui_49f4b20c._.js:1314
[ 1280102ms] [LOG] [WS] creating socket: ws://localhost:8000/ws/sessions/01KV8NWND9VAYSW85AMMT9H74Y @ http://localhost:3000/_next/static/chunks/Documents_GitHub_aede_ui_49f4b20c._.js:1314
[ 1280106ms] [LOG] [WS] creating socket: ws://localhost:8000/ws/sessions/01KV8NWND9VAYSW85AMMT9H74Y @ http://localhost:3000/_next/static/chunks/Documents_GitHub_aede_ui_49f4b20c._.js:1314
[ 1281392ms] [LOG] [WS] onopen - readyState: 1 session: 01KV8NWND9VAYSW85AMMT9H74Y @ http://localhost:3000/_next/static/chunks/Documents_GitHub_aede_ui_49f4b20c._.js:1319
[ 1281426ms] [LOG] [WS] onopen - readyState: 1 session: 01KV8NWND9VAYSW85AMMT9H74Y @ http://localhost:3000/_next/static/chunks/Documents_GitHub_aede_ui_49f4b20c._.js:1319
[ 1281427ms] [LOG] [WS] onopen - readyState: 1 session: 01KV8NWND9VAYSW85AMMT9H74Y @ http://localhost:3000/_next/static/chunks/Documents_GitHub_aede_ui_49f4b20c._.js:1319
[ 1282699ms] [LOG] [WS] cleanup - readyState: 1 session: 01KV8NWND9VAYSW85AMMT9H74Y @ http://localhost:3000/_next/static/chunks/Documents_GitHub_aede_ui_49f4b20c._.js:1339
[ 1282700ms] [LOG] [WS] cleanup - readyState: 1 session: 01KV8NWND9VAYSW85AMMT9H74Y @ http://localhost:3000/_next/static/chunks/Documents_GitHub_aede_ui_49f4b20c._.js:1339
[ 1282700ms] [LOG] [WS] cleanup - readyState: 1 session: 01KV8NWND9VAYSW85AMMT9H74Y @ http://localhost:3000/_next/static/chunks/Documents_GitHub_aede_ui_49f4b20c._.js:1339
[ 1282701ms] [LOG] [WS] creating socket: ws://localhost:8000/ws/sessions/01KV8MNEWEJEFRW7G1NX8WNNYE @ http://localhost:3000/_next/static/chunks/Documents_GitHub_aede_ui_49f4b20c._.js:1314
[ 1282703ms] [LOG] [WS] creating socket: ws://localhost:8000/ws/sessions/01KV8MNEWEJEFRW7G1NX8WNNYE @ http://localhost:3000/_next/static/chunks/Documents_GitHub_aede_ui_49f4b20c._.js:1314
[ 1282707ms] [LOG] [WS] creating socket: ws://localhost:8000/ws/sessions/01KV8MNEWEJEFRW7G1NX8WNNYE @ http://localhost:3000/_next/static/chunks/Documents_GitHub_aede_ui_49f4b20c._.js:1314
[ 1283969ms] [LOG] [WS] onopen - readyState: 1 session: 01KV8MNEWEJEFRW7G1NX8WNNYE @ http://localhost:3000/_next/static/chunks/Documents_GitHub_aede_ui_49f4b20c._.js:1319
[ 1284010ms] [LOG] [WS] onopen - readyState: 1 session: 01KV8MNEWEJEFRW7G1NX8WNNYE @ http://localhost:3000/_next/static/chunks/Documents_GitHub_aede_ui_49f4b20c._.js:1319
[ 1284010ms] [LOG] [WS] onopen - readyState: 1 session: 01KV8MNEWEJEFRW7G1NX8WNNYE @ http://localhost:3000/_next/static/chunks/Documents_GitHub_aede_ui_49f4b20c._.js:1319
[ 1285046ms] [LOG] [WS] cleanup - readyState: 1 session: 01KV8MNEWEJEFRW7G1NX8WNNYE @ http://localhost:3000/_next/static/chunks/Documents_GitHub_aede_ui_49f4b20c._.js:1339
[ 1285047ms] [LOG] [WS] cleanup - readyState: 1 session: 01KV8MNEWEJEFRW7G1NX8WNNYE @ http://localhost:3000/_next/static/chunks/Documents_GitHub_aede_ui_49f4b20c._.js:1339
[ 1285048ms] [LOG] [WS] cleanup - readyState: 1 session: 01KV8MNEWEJEFRW7G1NX8WNNYE @ http://localhost:3000/_next/static/chunks/Documents_GitHub_aede_ui_49f4b20c._.js:1339
[ 1285049ms] [LOG] [WS] creating socket: ws://localhost:8000/ws/sessions/01KV8M4AGNAHT48680MCRGERTM @ http://localhost:3000/_next/static/chunks/Documents_GitHub_aede_ui_49f4b20c._.js:1314
[ 1285050ms] [LOG] [WS] creating socket: ws://localhost:8000/ws/sessions/01KV8M4AGNAHT48680MCRGERTM @ http://localhost:3000/_next/static/chunks/Documents_GitHub_aede_ui_49f4b20c._.js:1314
[ 1285054ms] [LOG] [WS] creating socket: ws://localhost:8000/ws/sessions/01KV8M4AGNAHT48680MCRGERTM @ http://localhost:3000/_next/static/chunks/Documents_GitHub_aede_ui_49f4b20c._.js:1314
[ 1286598ms] [LOG] [WS] onopen - readyState: 1 session: 01KV8M4AGNAHT48680MCRGERTM @ http://localhost:3000/_next/static/chunks/Documents_GitHub_aede_ui_49f4b20c._.js:1319
[ 1286645ms] [LOG] [WS] onopen - readyState: 1 session: 01KV8M4AGNAHT48680MCRGERTM @ http://localhost:3000/_next/static/chunks/Documents_GitHub_aede_ui_49f4b20c._.js:1319
[ 1286645ms] [LOG] [WS] onopen - readyState: 1 session: 01KV8M4AGNAHT48680MCRGERTM @ http://localhost:3000/_next/static/chunks/Documents_GitHub_aede_ui_49f4b20c._.js:1319
[ 1287296ms] [LOG] [WS] cleanup - readyState: 1 session: 01KV8M4AGNAHT48680MCRGERTM @ http://localhost:3000/_next/static/chunks/Documents_GitHub_aede_ui_49f4b20c._.js:1339
[ 1287297ms] [LOG] [WS] cleanup - readyState: 1 session: 01KV8M4AGNAHT48680MCRGERTM @ http://localhost:3000/_next/static/chunks/Documents_GitHub_aede_ui_49f4b20c._.js:1339
[ 1287297ms] [LOG] [WS] cleanup - readyState: 1 session: 01KV8M4AGNAHT48680MCRGERTM @ http://localhost:3000/_next/static/chunks/Documents_GitHub_aede_ui_49f4b20c._.js:1339
[ 1287298ms] [LOG] [WS] creating socket: ws://localhost:8000/ws/sessions/01KV8KRVTAGF6Z1HBVB1XFAQ1W @ http://localhost:3000/_next/static/chunks/Documents_GitHub_aede_ui_49f4b20c._.js:1314
[ 1287300ms] [LOG] [WS] creating socket: ws://localhost:8000/ws/sessions/01KV8KRVTAGF6Z1HBVB1XFAQ1W @ http://localhost:3000/_next/static/chunks/Documents_GitHub_aede_ui_49f4b20c._.js:1314
[ 1287303ms] [LOG] [WS] creating socket: ws://localhost:8000/ws/sessions/01KV8KRVTAGF6Z1HBVB1XFAQ1W @ http://localhost:3000/_next/static/chunks/Documents_GitHub_aede_ui_49f4b20c._.js:1314
[ 1288996ms] [LOG] [WS] onopen - readyState: 1 session: 01KV8KRVTAGF6Z1HBVB1XFAQ1W @ http://localhost:3000/_next/static/chunks/Documents_GitHub_aede_ui_49f4b20c._.js:1319
[ 1289155ms] [LOG] [WS] onopen - readyState: 1 session: 01KV8KRVTAGF6Z1HBVB1XFAQ1W @ http://localhost:3000/_next/static/chunks/Documents_GitHub_aede_ui_49f4b20c._.js:1319
[ 1289155ms] [LOG] [WS] onopen - readyState: 1 session: 01KV8KRVTAGF6Z1HBVB1XFAQ1W @ http://localhost:3000/_next/static/chunks/Documents_GitHub_aede_ui_49f4b20c._.js:1319
[ 1289827ms] [LOG] [WS] cleanup - readyState: 1 session: 01KV8KRVTAGF6Z1HBVB1XFAQ1W @ http://localhost:3000/_next/static/chunks/Documents_GitHub_aede_ui_49f4b20c._.js:1339
[ 1289827ms] [LOG] [WS] cleanup - readyState: 1 session: 01KV8KRVTAGF6Z1HBVB1XFAQ1W @ http://localhost:3000/_next/static/chunks/Documents_GitHub_aede_ui_49f4b20c._.js:1339
[ 1289828ms] [LOG] [WS] cleanup - readyState: 1 session: 01KV8KRVTAGF6Z1HBVB1XFAQ1W @ http://localhost:3000/_next/static/chunks/Documents_GitHub_aede_ui_49f4b20c._.js:1339
[ 1289829ms] [LOG] [WS] creating socket: ws://localhost:8000/ws/sessions/01KV8K98WJ0T9N7HMYDADPN2PQ @ http://localhost:3000/_next/static/chunks/Documents_GitHub_aede_ui_49f4b20c._.js:1314
[ 1289830ms] [LOG] [WS] creating socket: ws://localhost:8000/ws/sessions/01KV8K98WJ0T9N7HMYDADPN2PQ @ http://localhost:3000/_next/static/chunks/Documents_GitHub_aede_ui_49f4b20c._.js:1314
[ 1289834ms] [LOG] [WS] creating socket: ws://localhost:8000/ws/sessions/01KV8K98WJ0T9N7HMYDADPN2PQ @ http://localhost:3000/_next/static/chunks/Documents_GitHub_aede_ui_49f4b20c._.js:1314
[ 1291082ms] [LOG] [WS] onopen - readyState: 1 session: 01KV8K98WJ0T9N7HMYDADPN2PQ @ http://localhost:3000/_next/static/chunks/Documents_GitHub_aede_ui_49f4b20c._.js:1319
[ 1291128ms] [LOG] [WS] onopen - readyState: 1 session: 01KV8K98WJ0T9N7HMYDADPN2PQ @ http://localhost:3000/_next/static/chunks/Documents_GitHub_aede_ui_49f4b20c._.js:1319
[ 1291128ms] [LOG] [WS] onopen - readyState: 1 session: 01KV8K98WJ0T9N7HMYDADPN2PQ @ http://localhost:3000/_next/static/chunks/Documents_GitHub_aede_ui_49f4b20c._.js:1319
[ 1292298ms] [LOG] [WS] cleanup - readyState: 1 session: 01KV8K98WJ0T9N7HMYDADPN2PQ @ http://localhost:3000/_next/static/chunks/Documents_GitHub_aede_ui_49f4b20c._.js:1339
[ 1292299ms] [LOG] [WS] cleanup - readyState: 1 session: 01KV8K98WJ0T9N7HMYDADPN2PQ @ http://localhost:3000/_next/static/chunks/Documents_GitHub_aede_ui_49f4b20c._.js:1339
[ 1292300ms] [LOG] [WS] cleanup - readyState: 1 session: 01KV8K98WJ0T9N7HMYDADPN2PQ @ http://localhost:3000/_next/static/chunks/Documents_GitHub_aede_ui_49f4b20c._.js:1339
[ 1292301ms] [LOG] [WS] creating socket: ws://localhost:8000/ws/sessions/01KV8HDH4MZGEGRH7Q62VB5G0M @ http://localhost:3000/_next/static/chunks/Documents_GitHub_aede_ui_49f4b20c._.js:1314
[ 1292302ms] [LOG] [WS] creating socket: ws://localhost:8000/ws/sessions/01KV8HDH4MZGEGRH7Q62VB5G0M @ http://localhost:3000/_next/static/chunks/Documents_GitHub_aede_ui_49f4b20c._.js:1314
[ 1292306ms] [LOG] [WS] creating socket: ws://localhost:8000/ws/sessions/01KV8HDH4MZGEGRH7Q62VB5G0M @ http://localhost:3000/_next/static/chunks/Documents_GitHub_aede_ui_49f4b20c._.js:1314
[ 1293907ms] [LOG] [WS] onopen - readyState: 1 session: 01KV8HDH4MZGEGRH7Q62VB5G0M @ http://localhost:3000/_next/static/chunks/Documents_GitHub_aede_ui_49f4b20c._.js:1319
[ 1294043ms] [LOG] [WS] onopen - readyState: 1 session: 01KV8HDH4MZGEGRH7Q62VB5G0M @ http://localhost:3000/_next/static/chunks/Documents_GitHub_aede_ui_49f4b20c._.js:1319
[ 1294043ms] [LOG] [WS] onopen - readyState: 1 session: 01KV8HDH4MZGEGRH7Q62VB5G0M @ http://localhost:3000/_next/static/chunks/Documents_GitHub_aede_ui_49f4b20c._.js:1319
[ 1711112ms] [LOG] [Fast Refresh] rebuilding @ http://localhost:3000/_next/static/chunks/bb610_next_dist_client_56815ff6._.js:5964
[ 1712406ms] [LOG] [WS] cleanup - readyState: 1 session: 01KV8HDH4MZGEGRH7Q62VB5G0M @ http://localhost:3000/_next/static/chunks/Documents_GitHub_aede_ui_49f4b20c._.js:1339
[ 1712409ms] [LOG] [WS] cleanup - readyState: 1 session: 01KV8HDH4MZGEGRH7Q62VB5G0M @ http://localhost:3000/_next/static/chunks/Documents_GitHub_aede_ui_49f4b20c._.js:1339
[ 1712410ms] [LOG] [WS] cleanup - readyState: 1 session: 01KV8HDH4MZGEGRH7Q62VB5G0M @ http://localhost:3000/_next/static/chunks/Documents_GitHub_aede_ui_49f4b20c._.js:1339
[ 1712411ms] [LOG] [WS] creating socket: ws://localhost:8000/ws/sessions/01KV8HDH4MZGEGRH7Q62VB5G0M @ http://localhost:3000/_next/static/chunks/Documents_GitHub_aede_ui_49f4b20c._.js:1314
[ 1712414ms] [LOG] [WS] creating socket: ws://localhost:8000/ws/sessions/01KV8HDH4MZGEGRH7Q62VB5G0M @ http://localhost:3000/_next/static/chunks/Documents_GitHub_aede_ui_49f4b20c._.js:1314
[ 1712446ms] [LOG] [WS] creating socket: ws://localhost:8000/ws/sessions/01KV8HDH4MZGEGRH7Q62VB5G0M @ http://localhost:3000/_next/static/chunks/Documents_GitHub_aede_ui_49f4b20c._.js:1314
[ 1712694ms] [LOG] [Fast Refresh] done in 1171ms @ http://localhost:3000/_next/static/chunks/bb610_next_dist_client_56815ff6._.js:5824
[ 1713593ms] [LOG] [WS] onopen - readyState: 1 session: 01KV8HDH4MZGEGRH7Q62VB5G0M @ http://localhost:3000/_next/static/chunks/Documents_GitHub_aede_ui_49f4b20c._.js:1319
[ 1713607ms] [LOG] [WS] onopen - readyState: 1 session: 01KV8HDH4MZGEGRH7Q62VB5G0M @ http://localhost:3000/_next/static/chunks/Documents_GitHub_aede_ui_49f4b20c._.js:1319
[ 1713608ms] [LOG] [WS] onopen - readyState: 1 session: 01KV8HDH4MZGEGRH7Q62VB5G0M @ http://localhost:3000/_next/static/chunks/Documents_GitHub_aede_ui_49f4b20c._.js:1319
[ 1929233ms] [LOG] [Fast Refresh] rebuilding @ http://localhost:3000/_next/static/chunks/bb610_next_dist_client_56815ff6._.js:5964
[ 1929563ms] [LOG] [Fast Refresh] done in 432ms @ http://localhost:3000/_next/static/chunks/bb610_next_dist_client_56815ff6._.js:5824
[ 1942592ms] [LOG] [Fast Refresh] rebuilding @ http://localhost:3000/_next/static/chunks/bb610_next_dist_client_56815ff6._.js:5964
[ 1943212ms] [LOG] [Fast Refresh] done in 464ms @ http://localhost:3000/_next/static/chunks/bb610_next_dist_client_56815ff6._.js:5824
[ 1952063ms] [LOG] [Fast Refresh] rebuilding @ http://localhost:3000/_next/static/chunks/bb610_next_dist_client_56815ff6._.js:5964
[ 1954174ms] [ERROR] Each child in a list should have a unique "key" prop.%s%s See https://react.dev/link/warning-keys for more information. 

Check the render method of `div`.  It was passed a child from ChatView. @ http://localhost:3000/_next/static/chunks/bb610_next_dist_5a5d6006._.js:2405
[ 1954387ms] [WARNING] [Shiki] 10 instances have been created. Shiki is supposed to be used as a singleton, consider refactoring your code to cache your highlighter instance; Or call `highlighter.dispose()` to release unused instances. @ http://localhost:3000/_next/static/chunks/bb610_212f3d1c._.js:7264
[ 1954489ms] [LOG] [Fast Refresh] done in 2529ms @ http://localhost:3000/_next/static/chunks/bb610_next_dist_client_56815ff6._.js:5824
[ 1954745ms] [LOG] [Fast Refresh] rebuilding @ http://localhost:3000/_next/static/chunks/bb610_next_dist_client_56815ff6._.js:5964
[ 1955070ms] [LOG] [Fast Refresh] done in 435ms @ http://localhost:3000/_next/static/chunks/bb610_next_dist_client_56815ff6._.js:5824
[ 1973301ms] [LOG] [Fast Refresh] rebuilding @ http://localhost:3000/_next/static/chunks/bb610_next_dist_client_56815ff6._.js:5964
[ 1973687ms] [ERROR] ./Documents/GitHub/aede/ui/components/chat/ChatView.tsx:195:11
Parsing ecmascript source code failed
  193 |                         args={tc.args} output={tc.output} durationMs={tc.durationMs} />
  194 |                     ))}</>
> 195 |           )}
      |           ^
  196 |           {pendingMessages.map(pm => (
  197 |             <UserMessage key={pm.id} content={pm.content} timestamp={new Date().toISOString()} />
  198 |           ))}

Expected '</', got ')'

Import traces:
  Client Component Browser:
    ./Documents/GitHub/aede/ui/components/chat/ChatView.tsx [Client Component Browser]
    ./Documents/GitHub/aede/ui/app/app/AgentPage.tsx [Client Component Browser]
    ./Documents/GitHub/aede/ui/app/app/AgentPage.tsx [Server Component]
    ./Documents/GitHub/aede/ui/app/app/page.tsx [Server Component]

  Client Component SSR:
    ./Documents/GitHub/aede/ui/components/chat/ChatView.tsx [Client Component SSR]
    ./Documents/GitHub/aede/ui/app/app/AgentPage.tsx [Client Component SSR]
    ./Documents/GitHub/aede/ui/app/app/AgentPage.tsx [Server Component]
    ./Documents/GitHub/aede/ui/app/app/page.tsx [Server Component] @ http://localhost:3000/_next/static/chunks/bb610_next_dist_5a5d6006._.js:2405
[ 1973711ms] [LOG] {file: Object} @ http://localhost:3000/_next/static/chunks/bb610_next_dist_compiled_next-devtools_index_bfea3d97.js:16058
[ 1992244ms] [LOG] [Fast Refresh] rebuilding @ http://localhost:3000/_next/static/chunks/bb610_next_dist_client_56815ff6._.js:5964
[ 1993096ms] [LOG] [Fast Refresh] done in 686ms @ http://localhost:3000/_next/static/chunks/bb610_next_dist_client_56815ff6._.js:5824
[ 1993395ms] [LOG] [Fast Refresh] rebuilding @ http://localhost:3000/_next/static/chunks/bb610_next_dist_client_56815ff6._.js:5964
[ 1993414ms] [LOG] [Fast Refresh] done in 129ms @ http://localhost:3000/_next/static/chunks/bb610_next_dist_client_56815ff6._.js:5824
[ 1993923ms] [LOG] [Fast Refresh] rebuilding @ http://localhost:3000/_next/static/chunks/bb610_next_dist_client_56815ff6._.js:5964
[ 1993944ms] [LOG] [Fast Refresh] done in 129ms @ http://localhost:3000/_next/static/chunks/bb610_next_dist_client_56815ff6._.js:5824
[ 1995117ms] [LOG] [Fast Refresh] rebuilding @ http://localhost:3000/_next/static/chunks/bb610_next_dist_client_56815ff6._.js:5964
[ 1995145ms] [LOG] [Fast Refresh] done in 133ms @ http://localhost:3000/_next/static/chunks/bb610_next_dist_client_56815ff6._.js:5824
[ 2273380ms] [LOG] [Fast Refresh] rebuilding @ http://localhost:3000/_next/static/chunks/bb610_next_dist_client_56815ff6._.js:5964
[ 2273675ms] [LOG] [Fast Refresh] done in 404ms @ http://localhost:3000/_next/static/chunks/bb610_next_dist_client_56815ff6._.js:5824
[ 2273786ms] [LOG] [Fast Refresh] rebuilding @ http://localhost:3000/_next/static/chunks/bb610_next_dist_client_56815ff6._.js:5964
[ 2278592ms] [LOG] [Fast Refresh] done in 4913ms @ http://localhost:3000/_next/static/chunks/bb610_next_dist_client_56815ff6._.js:5824
[ 2278708ms] [LOG] [Fast Refresh] rebuilding @ http://localhost:3000/_next/static/chunks/bb610_next_dist_client_56815ff6._.js:5964
[ 2278802ms] [LOG] [Fast Refresh] done in 207ms @ http://localhost:3000/_next/static/chunks/bb610_next_dist_client_56815ff6._.js:5824
[ 2278911ms] [LOG] [Fast Refresh] rebuilding @ http://localhost:3000/_next/static/chunks/bb610_next_dist_client_56815ff6._.js:5964
[ 2279658ms] [LOG] [Fast Refresh] done in 856ms @ http://localhost:3000/_next/static/chunks/bb610_next_dist_client_56815ff6._.js:5824
[ 2279794ms] [LOG] [Fast Refresh] rebuilding @ http://localhost:3000/_next/static/chunks/bb610_next_dist_client_56815ff6._.js:5964
[ 2279879ms] [LOG] [Fast Refresh] done in 187ms @ http://localhost:3000/_next/static/chunks/bb610_next_dist_client_56815ff6._.js:5824
[ 2280143ms] [LOG] [Fast Refresh] rebuilding @ http://localhost:3000/_next/static/chunks/bb610_next_dist_client_56815ff6._.js:5964
[ 2280155ms] [LOG] [Fast Refresh] done in 114ms @ http://localhost:3000/_next/static/chunks/bb610_next_dist_client_56815ff6._.js:5824
[ 2280495ms] [LOG] [Fast Refresh] rebuilding @ http://localhost:3000/_next/static/chunks/bb610_next_dist_client_56815ff6._.js:5964
[ 2280535ms] [LOG] [Fast Refresh] done in 140ms @ http://localhost:3000/_next/static/chunks/bb610_next_dist_client_56815ff6._.js:5824
[ 2360724ms] [LOG] [Fast Refresh] rebuilding @ http://localhost:3000/_next/static/chunks/bb610_next_dist_client_56815ff6._.js:5964
[ 2360735ms] [LOG] [Fast Refresh] done in 114ms @ http://localhost:3000/_next/static/chunks/bb610_next_dist_client_56815ff6._.js:5824
