[    1003ms] [INFO] %cDownload the React DevTools for a better development experience: https://react.dev/link/react-devtools font-weight:bold @ http://localhost:3000/_next/static/chunks/bb610_next_dist_compiled_react-dom_c8e63228._.js:14537
[    8590ms] [LOG] [WS] creating socket: ws://localhost:8000/ws/sessions/01KV9DHJVE5WW7H1G5WENWT21G @ http://localhost:3000/_next/static/chunks/Documents_GitHub_aede_ui_49f4b20c._.js:1356
[    8591ms] [LOG] [WS] creating socket: ws://localhost:8000/ws/sessions/01KV9DHJVE5WW7H1G5WENWT21G @ http://localhost:3000/_next/static/chunks/Documents_GitHub_aede_ui_49f4b20c._.js:1356
[    8598ms] [LOG] [WS] creating socket: ws://localhost:8000/ws/sessions/01KV9DHJVE5WW7H1G5WENWT21G @ http://localhost:3000/_next/static/chunks/Documents_GitHub_aede_ui_49f4b20c._.js:1356
[    8950ms] [LOG] [WS] onopen - readyState: 1 session: 01KV9DHJVE5WW7H1G5WENWT21G @ http://localhost:3000/_next/static/chunks/Documents_GitHub_aede_ui_49f4b20c._.js:1361
[    8953ms] [LOG] [WS] onopen - readyState: 1 session: 01KV9DHJVE5WW7H1G5WENWT21G @ http://localhost:3000/_next/static/chunks/Documents_GitHub_aede_ui_49f4b20c._.js:1361
[    8953ms] [LOG] [WS] onopen - readyState: 1 session: 01KV9DHJVE5WW7H1G5WENWT21G @ http://localhost:3000/_next/static/chunks/Documents_GitHub_aede_ui_49f4b20c._.js:1361
[   20824ms] [LOG] [Fast Refresh] rebuilding @ http://localhost:3000/_next/static/chunks/bb610_next_dist_client_56815ff6._.js:5964
[   21037ms] [LOG] [Fast Refresh] done in 315ms @ http://localhost:3000/_next/static/chunks/bb610_next_dist_client_56815ff6._.js:5824
[   25355ms] [LOG] [Fast Refresh] rebuilding @ http://localhost:3000/_next/static/chunks/bb610_next_dist_client_56815ff6._.js:5964
[   25431ms] [LOG] [Fast Refresh] done in 181ms @ http://localhost:3000/_next/static/chunks/bb610_next_dist_client_56815ff6._.js:5824
[   34007ms] [LOG] [Fast Refresh] rebuilding @ http://localhost:3000/_next/static/chunks/bb610_next_dist_client_56815ff6._.js:5964
[   34316ms] [LOG] [Fast Refresh] done in 413ms @ http://localhost:3000/_next/static/chunks/bb610_next_dist_client_56815ff6._.js:5824
[   67346ms] [LOG] [WS] creating socket: ws://localhost:8000/ws/sessions/01KV9DCFEF3S7VKN4B5SHGM95J @ http://localhost:3000/_next/static/chunks/Documents_GitHub_aede_ui_49f4b20c._.js:1356
[   67347ms] [LOG] [WS] creating socket: ws://localhost:8000/ws/sessions/01KV9DCFEF3S7VKN4B5SHGM95J @ http://localhost:3000/_next/static/chunks/Documents_GitHub_aede_ui_49f4b20c._.js:1356
[   67350ms] [LOG] [WS] creating socket: ws://localhost:8000/ws/sessions/01KV9DCFEF3S7VKN4B5SHGM95J @ http://localhost:3000/_next/static/chunks/Documents_GitHub_aede_ui_49f4b20c._.js:1356
[   67675ms] [LOG] [WS] onopen - readyState: 1 session: 01KV9DCFEF3S7VKN4B5SHGM95J @ http://localhost:3000/_next/static/chunks/Documents_GitHub_aede_ui_49f4b20c._.js:1361
[   67675ms] [LOG] [WS] onopen - readyState: 1 session: 01KV9DCFEF3S7VKN4B5SHGM95J @ http://localhost:3000/_next/static/chunks/Documents_GitHub_aede_ui_49f4b20c._.js:1361
[   67685ms] [LOG] [WS] onopen - readyState: 1 session: 01KV9DCFEF3S7VKN4B5SHGM95J @ http://localhost:3000/_next/static/chunks/Documents_GitHub_aede_ui_49f4b20c._.js:1361
[   69038ms] [LOG] [WS] creating socket: ws://localhost:8000/ws/sessions/01KV9DHJVE5WW7H1G5WENWT21G @ http://localhost:3000/_next/static/chunks/Documents_GitHub_aede_ui_49f4b20c._.js:1356
[   69039ms] [LOG] [WS] creating socket: ws://localhost:8000/ws/sessions/01KV9DHJVE5WW7H1G5WENWT21G @ http://localhost:3000/_next/static/chunks/Documents_GitHub_aede_ui_49f4b20c._.js:1356
[   69041ms] [LOG] [WS] creating socket: ws://localhost:8000/ws/sessions/01KV9DHJVE5WW7H1G5WENWT21G @ http://localhost:3000/_next/static/chunks/Documents_GitHub_aede_ui_49f4b20c._.js:1356
[   69345ms] [LOG] [WS] onopen - readyState: 1 session: 01KV9DHJVE5WW7H1G5WENWT21G @ http://localhost:3000/_next/static/chunks/Documents_GitHub_aede_ui_49f4b20c._.js:1361
[   69361ms] [LOG] [WS] onopen - readyState: 1 session: 01KV9DHJVE5WW7H1G5WENWT21G @ http://localhost:3000/_next/static/chunks/Documents_GitHub_aede_ui_49f4b20c._.js:1361
[   69378ms] [LOG] [WS] onopen - readyState: 1 session: 01KV9DHJVE5WW7H1G5WENWT21G @ http://localhost:3000/_next/static/chunks/Documents_GitHub_aede_ui_49f4b20c._.js:1361
[   71208ms] [LOG] [WS] creating socket: ws://localhost:8000/ws/sessions/01KV9DCFEF3S7VKN4B5SHGM95J @ http://localhost:3000/_next/static/chunks/Documents_GitHub_aede_ui_49f4b20c._.js:1356
[   71209ms] [LOG] [WS] creating socket: ws://localhost:8000/ws/sessions/01KV9DCFEF3S7VKN4B5SHGM95J @ http://localhost:3000/_next/static/chunks/Documents_GitHub_aede_ui_49f4b20c._.js:1356
[   71211ms] [LOG] [WS] creating socket: ws://localhost:8000/ws/sessions/01KV9DCFEF3S7VKN4B5SHGM95J @ http://localhost:3000/_next/static/chunks/Documents_GitHub_aede_ui_49f4b20c._.js:1356
[   71526ms] [LOG] [WS] onopen - readyState: 1 session: 01KV9DCFEF3S7VKN4B5SHGM95J @ http://localhost:3000/_next/static/chunks/Documents_GitHub_aede_ui_49f4b20c._.js:1361
[   71542ms] [LOG] [WS] onopen - readyState: 1 session: 01KV9DCFEF3S7VKN4B5SHGM95J @ http://localhost:3000/_next/static/chunks/Documents_GitHub_aede_ui_49f4b20c._.js:1361
[   71558ms] [LOG] [WS] onopen - readyState: 1 session: 01KV9DCFEF3S7VKN4B5SHGM95J @ http://localhost:3000/_next/static/chunks/Documents_GitHub_aede_ui_49f4b20c._.js:1361
[   73633ms] [LOG] [WS] creating socket: ws://localhost:8000/ws/sessions/01KV9CABVNPJ7S66WZ45SPF76C @ http://localhost:3000/_next/static/chunks/Documents_GitHub_aede_ui_49f4b20c._.js:1356
[   73635ms] [LOG] [WS] creating socket: ws://localhost:8000/ws/sessions/01KV9CABVNPJ7S66WZ45SPF76C @ http://localhost:3000/_next/static/chunks/Documents_GitHub_aede_ui_49f4b20c._.js:1356
[   73638ms] [LOG] [WS] creating socket: ws://localhost:8000/ws/sessions/01KV9CABVNPJ7S66WZ45SPF76C @ http://localhost:3000/_next/static/chunks/Documents_GitHub_aede_ui_49f4b20c._.js:1356
[   73964ms] [LOG] [WS] onopen - readyState: 1 session: 01KV9CABVNPJ7S66WZ45SPF76C @ http://localhost:3000/_next/static/chunks/Documents_GitHub_aede_ui_49f4b20c._.js:1361
[   73969ms] [LOG] [WS] onopen - readyState: 1 session: 01KV9CABVNPJ7S66WZ45SPF76C @ http://localhost:3000/_next/static/chunks/Documents_GitHub_aede_ui_49f4b20c._.js:1361
[   73986ms] [LOG] [WS] onopen - readyState: 1 session: 01KV9CABVNPJ7S66WZ45SPF76C @ http://localhost:3000/_next/static/chunks/Documents_GitHub_aede_ui_49f4b20c._.js:1361
[   75116ms] [LOG] [WS] creating socket: ws://localhost:8000/ws/sessions/01KV9DCFEF3S7VKN4B5SHGM95J @ http://localhost:3000/_next/static/chunks/Documents_GitHub_aede_ui_49f4b20c._.js:1356
[   75117ms] [LOG] [WS] creating socket: ws://localhost:8000/ws/sessions/01KV9DCFEF3S7VKN4B5SHGM95J @ http://localhost:3000/_next/static/chunks/Documents_GitHub_aede_ui_49f4b20c._.js:1356
[   75119ms] [LOG] [WS] creating socket: ws://localhost:8000/ws/sessions/01KV9DCFEF3S7VKN4B5SHGM95J @ http://localhost:3000/_next/static/chunks/Documents_GitHub_aede_ui_49f4b20c._.js:1356
[   75431ms] [LOG] [WS] onopen - readyState: 1 session: 01KV9DCFEF3S7VKN4B5SHGM95J @ http://localhost:3000/_next/static/chunks/Documents_GitHub_aede_ui_49f4b20c._.js:1361
[   75447ms] [LOG] [WS] onopen - readyState: 1 session: 01KV9DCFEF3S7VKN4B5SHGM95J @ http://localhost:3000/_next/static/chunks/Documents_GitHub_aede_ui_49f4b20c._.js:1361
[   75463ms] [LOG] [WS] onopen - readyState: 1 session: 01KV9DCFEF3S7VKN4B5SHGM95J @ http://localhost:3000/_next/static/chunks/Documents_GitHub_aede_ui_49f4b20c._.js:1361
[   75759ms] [LOG] [WS] creating socket: ws://localhost:8000/ws/sessions/01KV9DHJVE5WW7H1G5WENWT21G @ http://localhost:3000/_next/static/chunks/Documents_GitHub_aede_ui_49f4b20c._.js:1356
[   75760ms] [LOG] [WS] creating socket: ws://localhost:8000/ws/sessions/01KV9DHJVE5WW7H1G5WENWT21G @ http://localhost:3000/_next/static/chunks/Documents_GitHub_aede_ui_49f4b20c._.js:1356
[   75763ms] [LOG] [WS] creating socket: ws://localhost:8000/ws/sessions/01KV9DHJVE5WW7H1G5WENWT21G @ http://localhost:3000/_next/static/chunks/Documents_GitHub_aede_ui_49f4b20c._.js:1356
[   75767ms] [WARNING] [Shiki] 10 instances have been created. Shiki is supposed to be used as a singleton, consider refactoring your code to cache your highlighter instance; Or call `highlighter.dispose()` to release unused instances. @ http://localhost:3000/_next/static/chunks/bb610_212f3d1c._.js:7264
[   76070ms] [LOG] [WS] onopen - readyState: 1 session: 01KV9DHJVE5WW7H1G5WENWT21G @ http://localhost:3000/_next/static/chunks/Documents_GitHub_aede_ui_49f4b20c._.js:1361
[   76085ms] [LOG] [WS] onopen - readyState: 1 session: 01KV9DHJVE5WW7H1G5WENWT21G @ http://localhost:3000/_next/static/chunks/Documents_GitHub_aede_ui_49f4b20c._.js:1361
[   76100ms] [LOG] [WS] onopen - readyState: 1 session: 01KV9DHJVE5WW7H1G5WENWT21G @ http://localhost:3000/_next/static/chunks/Documents_GitHub_aede_ui_49f4b20c._.js:1361
[  178296ms] [LOG] [WS] creating socket: ws://localhost:8000/ws/sessions/01KV9DCFEF3S7VKN4B5SHGM95J @ http://localhost:3000/_next/static/chunks/Documents_GitHub_aede_ui_49f4b20c._.js:1356
[  178297ms] [LOG] [WS] creating socket: ws://localhost:8000/ws/sessions/01KV9DCFEF3S7VKN4B5SHGM95J @ http://localhost:3000/_next/static/chunks/Documents_GitHub_aede_ui_49f4b20c._.js:1356
[  178299ms] [LOG] [WS] creating socket: ws://localhost:8000/ws/sessions/01KV9DCFEF3S7VKN4B5SHGM95J @ http://localhost:3000/_next/static/chunks/Documents_GitHub_aede_ui_49f4b20c._.js:1356
[  178614ms] [LOG] [WS] onopen - readyState: 1 session: 01KV9DCFEF3S7VKN4B5SHGM95J @ http://localhost:3000/_next/static/chunks/Documents_GitHub_aede_ui_49f4b20c._.js:1361
[  178629ms] [LOG] [WS] onopen - readyState: 1 session: 01KV9DCFEF3S7VKN4B5SHGM95J @ http://localhost:3000/_next/static/chunks/Documents_GitHub_aede_ui_49f4b20c._.js:1361
[  178645ms] [LOG] [WS] onopen - readyState: 1 session: 01KV9DCFEF3S7VKN4B5SHGM95J @ http://localhost:3000/_next/static/chunks/Documents_GitHub_aede_ui_49f4b20c._.js:1361
[  180359ms] [LOG] [WS] creating socket: ws://localhost:8000/ws/sessions/01KV9DHJVE5WW7H1G5WENWT21G @ http://localhost:3000/_next/static/chunks/Documents_GitHub_aede_ui_49f4b20c._.js:1356
[  180360ms] [LOG] [WS] creating socket: ws://localhost:8000/ws/sessions/01KV9DHJVE5WW7H1G5WENWT21G @ http://localhost:3000/_next/static/chunks/Documents_GitHub_aede_ui_49f4b20c._.js:1356
[  180362ms] [LOG] [WS] creating socket: ws://localhost:8000/ws/sessions/01KV9DHJVE5WW7H1G5WENWT21G @ http://localhost:3000/_next/static/chunks/Documents_GitHub_aede_ui_49f4b20c._.js:1356
[  180664ms] [LOG] [WS] onopen - readyState: 1 session: 01KV9DHJVE5WW7H1G5WENWT21G @ http://localhost:3000/_next/static/chunks/Documents_GitHub_aede_ui_49f4b20c._.js:1361
[  180680ms] [LOG] [WS] onopen - readyState: 1 session: 01KV9DHJVE5WW7H1G5WENWT21G @ http://localhost:3000/_next/static/chunks/Documents_GitHub_aede_ui_49f4b20c._.js:1361
[  180695ms] [LOG] [WS] onopen - readyState: 1 session: 01KV9DHJVE5WW7H1G5WENWT21G @ http://localhost:3000/_next/static/chunks/Documents_GitHub_aede_ui_49f4b20c._.js:1361
[  181153ms] [LOG] [WS] creating socket: ws://localhost:8000/ws/sessions/01KV9DCFEF3S7VKN4B5SHGM95J @ http://localhost:3000/_next/static/chunks/Documents_GitHub_aede_ui_49f4b20c._.js:1356
[  181154ms] [LOG] [WS] creating socket: ws://localhost:8000/ws/sessions/01KV9DCFEF3S7VKN4B5SHGM95J @ http://localhost:3000/_next/static/chunks/Documents_GitHub_aede_ui_49f4b20c._.js:1356
[  181157ms] [LOG] [WS] creating socket: ws://localhost:8000/ws/sessions/01KV9DCFEF3S7VKN4B5SHGM95J @ http://localhost:3000/_next/static/chunks/Documents_GitHub_aede_ui_49f4b20c._.js:1356
[  181460ms] [LOG] [WS] onopen - readyState: 1 session: 01KV9DCFEF3S7VKN4B5SHGM95J @ http://localhost:3000/_next/static/chunks/Documents_GitHub_aede_ui_49f4b20c._.js:1361
[  181476ms] [LOG] [WS] onopen - readyState: 1 session: 01KV9DCFEF3S7VKN4B5SHGM95J @ http://localhost:3000/_next/static/chunks/Documents_GitHub_aede_ui_49f4b20c._.js:1361
[  181492ms] [LOG] [WS] onopen - readyState: 1 session: 01KV9DCFEF3S7VKN4B5SHGM95J @ http://localhost:3000/_next/static/chunks/Documents_GitHub_aede_ui_49f4b20c._.js:1361
[  186065ms] [LOG] [WS] creating socket: ws://localhost:8000/ws/sessions/01KV9DHJVE5WW7H1G5WENWT21G @ http://localhost:3000/_next/static/chunks/Documents_GitHub_aede_ui_49f4b20c._.js:1356
[  186066ms] [LOG] [WS] creating socket: ws://localhost:8000/ws/sessions/01KV9DHJVE5WW7H1G5WENWT21G @ http://localhost:3000/_next/static/chunks/Documents_GitHub_aede_ui_49f4b20c._.js:1356
[  186068ms] [LOG] [WS] creating socket: ws://localhost:8000/ws/sessions/01KV9DHJVE5WW7H1G5WENWT21G @ http://localhost:3000/_next/static/chunks/Documents_GitHub_aede_ui_49f4b20c._.js:1356
[  186100ms] [WARNING] [Shiki] 20 instances have been created. Shiki is supposed to be used as a singleton, consider refactoring your code to cache your highlighter instance; Or call `highlighter.dispose()` to release unused instances. @ http://localhost:3000/_next/static/chunks/bb610_212f3d1c._.js:7264
[  186377ms] [LOG] [WS] onopen - readyState: 1 session: 01KV9DHJVE5WW7H1G5WENWT21G @ http://localhost:3000/_next/static/chunks/Documents_GitHub_aede_ui_49f4b20c._.js:1361
[  186393ms] [LOG] [WS] onopen - readyState: 1 session: 01KV9DHJVE5WW7H1G5WENWT21G @ http://localhost:3000/_next/static/chunks/Documents_GitHub_aede_ui_49f4b20c._.js:1361
[  186409ms] [LOG] [WS] onopen - readyState: 1 session: 01KV9DHJVE5WW7H1G5WENWT21G @ http://localhost:3000/_next/static/chunks/Documents_GitHub_aede_ui_49f4b20c._.js:1361
[  255495ms] [LOG] [Fast Refresh] rebuilding @ http://localhost:3000/_next/static/chunks/bb610_next_dist_client_56815ff6._.js:5964
[  255664ms] [LOG] [Fast Refresh] done in 224ms @ http://localhost:3000/_next/static/chunks/bb610_next_dist_client_56815ff6._.js:5824
[  256693ms] [LOG] [Fast Refresh] rebuilding @ http://localhost:3000/_next/static/chunks/bb610_next_dist_client_56815ff6._.js:5964
[  256858ms] [LOG] [Fast Refresh] done in 235ms @ http://localhost:3000/_next/static/chunks/bb610_next_dist_client_56815ff6._.js:5824
[  265509ms] [LOG] [Fast Refresh] rebuilding @ http://localhost:3000/_next/static/chunks/bb610_next_dist_client_56815ff6._.js:5964
[  265667ms] [LOG] [Fast Refresh] done in 248ms @ http://localhost:3000/_next/static/chunks/bb610_next_dist_client_56815ff6._.js:5824
[  849889ms] [LOG] [Fast Refresh] rebuilding @ http://localhost:3000/_next/static/chunks/bb610_next_dist_client_56815ff6._.js:5964
[  850002ms] [LOG] [Fast Refresh] done in 216ms @ http://localhost:3000/_next/static/chunks/bb610_next_dist_client_56815ff6._.js:5824
[  913400ms] [LOG] [Fast Refresh] rebuilding @ http://localhost:3000/_next/static/chunks/bb610_next_dist_client_56815ff6._.js:5964
[  914069ms] [LOG] [WS] creating socket: ws://localhost:8000/ws/sessions/01KV9DHJVE5WW7H1G5WENWT21G @ http://localhost:3000/_next/static/chunks/Documents_GitHub_aede_ui_49f4b20c._.js:1356
[  914072ms] [LOG] [WS] creating socket: ws://localhost:8000/ws/sessions/01KV9DHJVE5WW7H1G5WENWT21G @ http://localhost:3000/_next/static/chunks/Documents_GitHub_aede_ui_49f4b20c._.js:1356
[  914091ms] [LOG] [WS] creating socket: ws://localhost:8000/ws/sessions/01KV9DHJVE5WW7H1G5WENWT21G @ http://localhost:3000/_next/static/chunks/Documents_GitHub_aede_ui_49f4b20c._.js:1356
[  914163ms] [LOG] [WS] cleanup (deferred) - readyState: 1 @ http://localhost:3000/_next/static/chunks/Documents_GitHub_aede_ui_49f4b20c._.js:1314
[  914163ms] [LOG] [WS] cleanup (deferred) - readyState: 1 @ http://localhost:3000/_next/static/chunks/Documents_GitHub_aede_ui_49f4b20c._.js:1314
[  914163ms] [LOG] [WS] cleanup (deferred) - readyState: 1 @ http://localhost:3000/_next/static/chunks/Documents_GitHub_aede_ui_49f4b20c._.js:1314
[  914167ms] [LOG] [Fast Refresh] done in 869ms @ http://localhost:3000/_next/static/chunks/bb610_next_dist_client_56815ff6._.js:5824
[  914577ms] [LOG] [WS] onopen - readyState: 1 session: 01KV9DHJVE5WW7H1G5WENWT21G @ http://localhost:3000/_next/static/chunks/Documents_GitHub_aede_ui_49f4b20c._.js:1361
[  914625ms] [LOG] [WS] onopen - readyState: 1 session: 01KV9DHJVE5WW7H1G5WENWT21G @ http://localhost:3000/_next/static/chunks/Documents_GitHub_aede_ui_49f4b20c._.js:1361
[  914628ms] [LOG] [WS] onopen - readyState: 1 session: 01KV9DHJVE5WW7H1G5WENWT21G @ http://localhost:3000/_next/static/chunks/Documents_GitHub_aede_ui_49f4b20c._.js:1361
[ 1055297ms] [LOG] [Fast Refresh] rebuilding @ http://localhost:3000/_next/static/chunks/bb610_next_dist_client_56815ff6._.js:5964
[ 1056338ms] [LOG] [WS] creating socket: ws://localhost:8000/ws/sessions/01KV9DHJVE5WW7H1G5WENWT21G @ http://localhost:3000/_next/static/chunks/Documents_GitHub_aede_ui_49f4b20c._.js:1356
[ 1056341ms] [LOG] [WS] creating socket: ws://localhost:8000/ws/sessions/01KV9DHJVE5WW7H1G5WENWT21G @ http://localhost:3000/_next/static/chunks/Documents_GitHub_aede_ui_49f4b20c._.js:1356
[ 1056368ms] [LOG] [WS] creating socket: ws://localhost:8000/ws/sessions/01KV9DHJVE5WW7H1G5WENWT21G @ http://localhost:3000/_next/static/chunks/Documents_GitHub_aede_ui_49f4b20c._.js:1356
[ 1056463ms] [WARNING] [Shiki] 30 instances have been created. Shiki is supposed to be used as a singleton, consider refactoring your code to cache your highlighter instance; Or call `highlighter.dispose()` to release unused instances. @ http://localhost:3000/_next/static/chunks/bb610_212f3d1c._.js:7264
[ 1056467ms] [LOG] [Fast Refresh] done in 1037ms @ http://localhost:3000/_next/static/chunks/bb610_next_dist_client_56815ff6._.js:5824
[ 1056476ms] [LOG] [WS] cleanup (deferred) - readyState: 1 @ http://localhost:3000/_next/static/chunks/Documents_GitHub_aede_ui_49f4b20c._.js:1314
[ 1056476ms] [LOG] [WS] cleanup (deferred) - readyState: 1 @ http://localhost:3000/_next/static/chunks/Documents_GitHub_aede_ui_49f4b20c._.js:1314
[ 1056476ms] [LOG] [WS] cleanup (deferred) - readyState: 1 @ http://localhost:3000/_next/static/chunks/Documents_GitHub_aede_ui_49f4b20c._.js:1314
[ 1056679ms] [LOG] [WS] onopen - readyState: 1 session: 01KV9DHJVE5WW7H1G5WENWT21G @ http://localhost:3000/_next/static/chunks/Documents_GitHub_aede_ui_49f4b20c._.js:1361
[ 1056729ms] [LOG] [WS] onopen - readyState: 1 session: 01KV9DHJVE5WW7H1G5WENWT21G @ http://localhost:3000/_next/static/chunks/Documents_GitHub_aede_ui_49f4b20c._.js:1361
[ 1056730ms] [LOG] [WS] onopen - readyState: 1 session: 01KV9DHJVE5WW7H1G5WENWT21G @ http://localhost:3000/_next/static/chunks/Documents_GitHub_aede_ui_49f4b20c._.js:1361
[ 1077181ms] [LOG] [Fast Refresh] rebuilding @ http://localhost:3000/_next/static/chunks/bb610_next_dist_client_56815ff6._.js:5964
[ 1077547ms] [LOG] [WS] creating socket: ws://localhost:8000/ws/sessions/01KV9DHJVE5WW7H1G5WENWT21G @ http://localhost:3000/_next/static/chunks/Documents_GitHub_aede_ui_49f4b20c._.js:1356
[ 1077549ms] [LOG] [WS] creating socket: ws://localhost:8000/ws/sessions/01KV9DHJVE5WW7H1G5WENWT21G @ http://localhost:3000/_next/static/chunks/Documents_GitHub_aede_ui_49f4b20c._.js:1356
[ 1077557ms] [LOG] [WS] creating socket: ws://localhost:8000/ws/sessions/01KV9DHJVE5WW7H1G5WENWT21G @ http://localhost:3000/_next/static/chunks/Documents_GitHub_aede_ui_49f4b20c._.js:1356
[ 1077624ms] [LOG] [WS] cleanup (deferred) - readyState: 1 @ http://localhost:3000/_next/static/chunks/Documents_GitHub_aede_ui_49f4b20c._.js:1314
[ 1077625ms] [LOG] [WS] cleanup (deferred) - readyState: 1 @ http://localhost:3000/_next/static/chunks/Documents_GitHub_aede_ui_49f4b20c._.js:1314
[ 1077625ms] [LOG] [WS] cleanup (deferred) - readyState: 1 @ http://localhost:3000/_next/static/chunks/Documents_GitHub_aede_ui_49f4b20c._.js:1314
[ 1077626ms] [LOG] [Fast Refresh] done in 419ms @ http://localhost:3000/_next/static/chunks/bb610_next_dist_client_56815ff6._.js:5824
[ 1077868ms] [LOG] [WS] onopen - readyState: 1 session: 01KV9DHJVE5WW7H1G5WENWT21G @ http://localhost:3000/_next/static/chunks/Documents_GitHub_aede_ui_49f4b20c._.js:1361
[ 1077885ms] [LOG] [WS] onopen - readyState: 1 session: 01KV9DHJVE5WW7H1G5WENWT21G @ http://localhost:3000/_next/static/chunks/Documents_GitHub_aede_ui_49f4b20c._.js:1361
[ 1077899ms] [LOG] [WS] onopen - readyState: 1 session: 01KV9DHJVE5WW7H1G5WENWT21G @ http://localhost:3000/_next/static/chunks/Documents_GitHub_aede_ui_49f4b20c._.js:1361
[ 1109822ms] [LOG] [Fast Refresh] rebuilding @ http://localhost:3000/_next/static/chunks/bb610_next_dist_client_56815ff6._.js:5964
[ 1110008ms] [LOG] [Fast Refresh] done in 289ms @ http://localhost:3000/_next/static/chunks/bb610_next_dist_client_56815ff6._.js:5824
[ 1176615ms] [LOG] [Fast Refresh] rebuilding @ http://localhost:3000/_next/static/chunks/bb610_next_dist_client_56815ff6._.js:5964
[ 1176790ms] [LOG] [Fast Refresh] done in 280ms @ http://localhost:3000/_next/static/chunks/bb610_next_dist_client_56815ff6._.js:5824
[ 1488322ms] [LOG] [WS] creating socket: ws://localhost:8000/ws/sessions/01KV9DCFEF3S7VKN4B5SHGM95J @ http://localhost:3000/_next/static/chunks/Documents_GitHub_aede_ui_49f4b20c._.js:1356
[ 1488324ms] [LOG] [WS] creating socket: ws://localhost:8000/ws/sessions/01KV9DCFEF3S7VKN4B5SHGM95J @ http://localhost:3000/_next/static/chunks/Documents_GitHub_aede_ui_49f4b20c._.js:1356
[ 1488327ms] [LOG] [WS] creating socket: ws://localhost:8000/ws/sessions/01KV9DCFEF3S7VKN4B5SHGM95J @ http://localhost:3000/_next/static/chunks/Documents_GitHub_aede_ui_49f4b20c._.js:1356
[ 1488665ms] [LOG] [WS] onopen - readyState: 1 session: 01KV9DCFEF3S7VKN4B5SHGM95J @ http://localhost:3000/_next/static/chunks/Documents_GitHub_aede_ui_49f4b20c._.js:1361
[ 1488666ms] [LOG] [WS] onopen - readyState: 1 session: 01KV9DCFEF3S7VKN4B5SHGM95J @ http://localhost:3000/_next/static/chunks/Documents_GitHub_aede_ui_49f4b20c._.js:1361
[ 1488667ms] [LOG] [WS] onopen - readyState: 1 session: 01KV9DCFEF3S7VKN4B5SHGM95J @ http://localhost:3000/_next/static/chunks/Documents_GitHub_aede_ui_49f4b20c._.js:1361
[ 1494231ms] [LOG] [WS] creating socket: ws://localhost:8000/ws/sessions/01KV9DHJVE5WW7H1G5WENWT21G @ http://localhost:3000/_next/static/chunks/Documents_GitHub_aede_ui_49f4b20c._.js:1356
[ 1494232ms] [LOG] [WS] creating socket: ws://localhost:8000/ws/sessions/01KV9DHJVE5WW7H1G5WENWT21G @ http://localhost:3000/_next/static/chunks/Documents_GitHub_aede_ui_49f4b20c._.js:1356
[ 1494235ms] [LOG] [WS] creating socket: ws://localhost:8000/ws/sessions/01KV9DHJVE5WW7H1G5WENWT21G @ http://localhost:3000/_next/static/chunks/Documents_GitHub_aede_ui_49f4b20c._.js:1356
[ 1494269ms] [WARNING] [Shiki] 40 instances have been created. Shiki is supposed to be used as a singleton, consider refactoring your code to cache your highlighter instance; Or call `highlighter.dispose()` to release unused instances. @ http://localhost:3000/_next/static/chunks/bb610_212f3d1c._.js:7264
[ 1494539ms] [LOG] [WS] onopen - readyState: 1 session: 01KV9DHJVE5WW7H1G5WENWT21G @ http://localhost:3000/_next/static/chunks/Documents_GitHub_aede_ui_49f4b20c._.js:1361
[ 1494556ms] [LOG] [WS] onopen - readyState: 1 session: 01KV9DHJVE5WW7H1G5WENWT21G @ http://localhost:3000/_next/static/chunks/Documents_GitHub_aede_ui_49f4b20c._.js:1361
[ 1494572ms] [LOG] [WS] onopen - readyState: 1 session: 01KV9DHJVE5WW7H1G5WENWT21G @ http://localhost:3000/_next/static/chunks/Documents_GitHub_aede_ui_49f4b20c._.js:1361
[ 1495989ms] [LOG] [WS] creating socket: ws://localhost:8000/ws/sessions/01KV9DCFEF3S7VKN4B5SHGM95J @ http://localhost:3000/_next/static/chunks/Documents_GitHub_aede_ui_49f4b20c._.js:1356
[ 1495991ms] [LOG] [WS] creating socket: ws://localhost:8000/ws/sessions/01KV9DCFEF3S7VKN4B5SHGM95J @ http://localhost:3000/_next/static/chunks/Documents_GitHub_aede_ui_49f4b20c._.js:1356
[ 1495996ms] [LOG] [WS] creating socket: ws://localhost:8000/ws/sessions/01KV9DCFEF3S7VKN4B5SHGM95J @ http://localhost:3000/_next/static/chunks/Documents_GitHub_aede_ui_49f4b20c._.js:1356
[ 1496353ms] [LOG] [WS] onopen - readyState: 1 session: 01KV9DCFEF3S7VKN4B5SHGM95J @ http://localhost:3000/_next/static/chunks/Documents_GitHub_aede_ui_49f4b20c._.js:1361
[ 1496369ms] [LOG] [WS] onopen - readyState: 1 session: 01KV9DCFEF3S7VKN4B5SHGM95J @ http://localhost:3000/_next/static/chunks/Documents_GitHub_aede_ui_49f4b20c._.js:1361
[ 1496385ms] [LOG] [WS] onopen - readyState: 1 session: 01KV9DCFEF3S7VKN4B5SHGM95J @ http://localhost:3000/_next/static/chunks/Documents_GitHub_aede_ui_49f4b20c._.js:1361
[ 1572448ms] [LOG] [WS] creating socket: ws://localhost:8000/ws/sessions/01KV9CABVNPJ7S66WZ45SPF76C @ http://localhost:3000/_next/static/chunks/Documents_GitHub_aede_ui_49f4b20c._.js:1356
[ 1572449ms] [LOG] [WS] creating socket: ws://localhost:8000/ws/sessions/01KV9CABVNPJ7S66WZ45SPF76C @ http://localhost:3000/_next/static/chunks/Documents_GitHub_aede_ui_49f4b20c._.js:1356
[ 1572451ms] [LOG] [WS] creating socket: ws://localhost:8000/ws/sessions/01KV9CABVNPJ7S66WZ45SPF76C @ http://localhost:3000/_next/static/chunks/Documents_GitHub_aede_ui_49f4b20c._.js:1356
[ 1572785ms] [LOG] [WS] onopen - readyState: 1 session: 01KV9CABVNPJ7S66WZ45SPF76C @ http://localhost:3000/_next/static/chunks/Documents_GitHub_aede_ui_49f4b20c._.js:1361
[ 1572787ms] [LOG] [WS] onopen - readyState: 1 session: 01KV9CABVNPJ7S66WZ45SPF76C @ http://localhost:3000/_next/static/chunks/Documents_GitHub_aede_ui_49f4b20c._.js:1361
[ 1572787ms] [LOG] [WS] onopen - readyState: 1 session: 01KV9CABVNPJ7S66WZ45SPF76C @ http://localhost:3000/_next/static/chunks/Documents_GitHub_aede_ui_49f4b20c._.js:1361
[ 1574159ms] [LOG] [WS] creating socket: ws://localhost:8000/ws/sessions/01KV9DCFEF3S7VKN4B5SHGM95J @ http://localhost:3000/_next/static/chunks/Documents_GitHub_aede_ui_49f4b20c._.js:1356
[ 1574160ms] [LOG] [WS] creating socket: ws://localhost:8000/ws/sessions/01KV9DCFEF3S7VKN4B5SHGM95J @ http://localhost:3000/_next/static/chunks/Documents_GitHub_aede_ui_49f4b20c._.js:1356
[ 1574163ms] [LOG] [WS] creating socket: ws://localhost:8000/ws/sessions/01KV9DCFEF3S7VKN4B5SHGM95J @ http://localhost:3000/_next/static/chunks/Documents_GitHub_aede_ui_49f4b20c._.js:1356
[ 1574466ms] [LOG] [WS] onopen - readyState: 1 session: 01KV9DCFEF3S7VKN4B5SHGM95J @ http://localhost:3000/_next/static/chunks/Documents_GitHub_aede_ui_49f4b20c._.js:1361
[ 1574481ms] [LOG] [WS] onopen - readyState: 1 session: 01KV9DCFEF3S7VKN4B5SHGM95J @ http://localhost:3000/_next/static/chunks/Documents_GitHub_aede_ui_49f4b20c._.js:1361
[ 1574498ms] [LOG] [WS] onopen - readyState: 1 session: 01KV9DCFEF3S7VKN4B5SHGM95J @ http://localhost:3000/_next/static/chunks/Documents_GitHub_aede_ui_49f4b20c._.js:1361
[ 1709350ms] [LOG] [Fast Refresh] rebuilding @ http://localhost:3000/_next/static/chunks/bb610_next_dist_client_56815ff6._.js:5964
[ 1709539ms] [LOG] [Fast Refresh] done in 279ms @ http://localhost:3000/_next/static/chunks/bb610_next_dist_client_56815ff6._.js:5824
[ 1887951ms] [LOG] [WS] onclose - code: 1006 reason:  wasClean: false session: 01KV9DCFEF3S7VKN4B5SHGM95J @ http://localhost:3000/_next/static/chunks/Documents_GitHub_aede_ui_49f4b20c._.js:1376
[ 1887970ms] [LOG] [WS] onclose - code: 1006 reason:  wasClean: false session: 01KV9DHJVE5WW7H1G5WENWT21G @ http://localhost:3000/_next/static/chunks/Documents_GitHub_aede_ui_49f4b20c._.js:1376
[ 1887970ms] [LOG] [WS] onclose - code: 1006 reason:  wasClean: false session: 01KV9DHJVE5WW7H1G5WENWT21G @ http://localhost:3000/_next/static/chunks/Documents_GitHub_aede_ui_49f4b20c._.js:1376
[ 1887971ms] [LOG] [WS] onclose - code: 1006 reason:  wasClean: false session: 01KV9DHJVE5WW7H1G5WENWT21G @ http://localhost:3000/_next/static/chunks/Documents_GitHub_aede_ui_49f4b20c._.js:1376
[ 1887971ms] [LOG] [WS] onclose - code: 1006 reason:  wasClean: false session: 01KV9DHJVE5WW7H1G5WENWT21G @ http://localhost:3000/_next/static/chunks/Documents_GitHub_aede_ui_49f4b20c._.js:1376
[ 1887971ms] [LOG] [WS] onclose - code: 1006 reason:  wasClean: false session: 01KV9DCFEF3S7VKN4B5SHGM95J @ http://localhost:3000/_next/static/chunks/Documents_GitHub_aede_ui_49f4b20c._.js:1376
[ 1887971ms] [LOG] [WS] onclose - code: 1006 reason:  wasClean: false session: 01KV9DHJVE5WW7H1G5WENWT21G @ http://localhost:3000/_next/static/chunks/Documents_GitHub_aede_ui_49f4b20c._.js:1376
[ 1887971ms] [LOG] [WS] onclose - code: 1006 reason:  wasClean: false session: 01KV9DHJVE5WW7H1G5WENWT21G @ http://localhost:3000/_next/static/chunks/Documents_GitHub_aede_ui_49f4b20c._.js:1376
[ 1887972ms] [LOG] [WS] onclose - code: 1006 reason:  wasClean: false session: 01KV9DHJVE5WW7H1G5WENWT21G @ http://localhost:3000/_next/static/chunks/Documents_GitHub_aede_ui_49f4b20c._.js:1376
[ 1887972ms] [LOG] [WS] onclose - code: 1006 reason:  wasClean: false session: 01KV9DCFEF3S7VKN4B5SHGM95J @ http://localhost:3000/_next/static/chunks/Documents_GitHub_aede_ui_49f4b20c._.js:1376
[ 1887972ms] [LOG] [WS] onclose - code: 1006 reason:  wasClean: false session: 01KV9DCFEF3S7VKN4B5SHGM95J @ http://localhost:3000/_next/static/chunks/Documents_GitHub_aede_ui_49f4b20c._.js:1376
[ 1887972ms] [LOG] [WS] onclose - code: 1006 reason:  wasClean: false session: 01KV9DCFEF3S7VKN4B5SHGM95J @ http://localhost:3000/_next/static/chunks/Documents_GitHub_aede_ui_49f4b20c._.js:1376
[ 1887973ms] [LOG] [WS] onclose - code: 1006 reason:  wasClean: false session: 01KV9DCFEF3S7VKN4B5SHGM95J @ http://localhost:3000/_next/static/chunks/Documents_GitHub_aede_ui_49f4b20c._.js:1376
[ 1887973ms] [LOG] [WS] onclose - code: 1006 reason:  wasClean: false session: 01KV9DHJVE5WW7H1G5WENWT21G @ http://localhost:3000/_next/static/chunks/Documents_GitHub_aede_ui_49f4b20c._.js:1376
[ 1887973ms] [LOG] [WS] onclose - code: 1006 reason:  wasClean: false session: 01KV9DCFEF3S7VKN4B5SHGM95J @ http://localhost:3000/_next/static/chunks/Documents_GitHub_aede_ui_49f4b20c._.js:1376
[ 1887973ms] [LOG] [WS] onclose - code: 1006 reason:  wasClean: false session: 01KV9DHJVE5WW7H1G5WENWT21G @ http://localhost:3000/_next/static/chunks/Documents_GitHub_aede_ui_49f4b20c._.js:1376
[ 1887974ms] [LOG] [WS] onclose - code: 1006 reason:  wasClean: false session: 01KV9DCFEF3S7VKN4B5SHGM95J @ http://localhost:3000/_next/static/chunks/Documents_GitHub_aede_ui_49f4b20c._.js:1376
[ 1887974ms] [LOG] [WS] onclose - code: 1006 reason:  wasClean: false session: 01KV9DCFEF3S7VKN4B5SHGM95J @ http://localhost:3000/_next/static/chunks/Documents_GitHub_aede_ui_49f4b20c._.js:1376
[ 1887974ms] [LOG] [WS] onclose - code: 1006 reason:  wasClean: false session: 01KV9DHJVE5WW7H1G5WENWT21G @ http://localhost:3000/_next/static/chunks/Documents_GitHub_aede_ui_49f4b20c._.js:1376
[ 1887974ms] [LOG] [WS] onclose - code: 1006 reason:  wasClean: false session: 01KV9DCFEF3S7VKN4B5SHGM95J @ http://localhost:3000/_next/static/chunks/Documents_GitHub_aede_ui_49f4b20c._.js:1376
[ 1887974ms] [LOG] [WS] onclose - code: 1006 reason:  wasClean: false session: 01KV9CABVNPJ7S66WZ45SPF76C @ http://localhost:3000/_next/static/chunks/Documents_GitHub_aede_ui_49f4b20c._.js:1376
[ 1887974ms] [LOG] [WS] onclose - code: 1006 reason:  wasClean: false session: 01KV9CABVNPJ7S66WZ45SPF76C @ http://localhost:3000/_next/static/chunks/Documents_GitHub_aede_ui_49f4b20c._.js:1376
[ 1887975ms] [LOG] [WS] onclose - code: 1006 reason:  wasClean: false session: 01KV9CABVNPJ7S66WZ45SPF76C @ http://localhost:3000/_next/static/chunks/Documents_GitHub_aede_ui_49f4b20c._.js:1376
[ 1887975ms] [LOG] [WS] onclose - code: 1006 reason:  wasClean: false session: 01KV9DHJVE5WW7H1G5WENWT21G @ http://localhost:3000/_next/static/chunks/Documents_GitHub_aede_ui_49f4b20c._.js:1376
[ 1887975ms] [LOG] [WS] onclose - code: 1006 reason:  wasClean: false session: 01KV9DCFEF3S7VKN4B5SHGM95J @ http://localhost:3000/_next/static/chunks/Documents_GitHub_aede_ui_49f4b20c._.js:1376
[ 1887975ms] [LOG] [WS] onclose - code: 1006 reason:  wasClean: false session: 01KV9CABVNPJ7S66WZ45SPF76C @ http://localhost:3000/_next/static/chunks/Documents_GitHub_aede_ui_49f4b20c._.js:1376
[ 1887976ms] [LOG] [WS] onclose - code: 1006 reason:  wasClean: false session: 01KV9DCFEF3S7VKN4B5SHGM95J @ http://localhost:3000/_next/static/chunks/Documents_GitHub_aede_ui_49f4b20c._.js:1376
[ 1887976ms] [LOG] [WS] onclose - code: 1006 reason:  wasClean: false session: 01KV9CABVNPJ7S66WZ45SPF76C @ http://localhost:3000/_next/static/chunks/Documents_GitHub_aede_ui_49f4b20c._.js:1376
[ 1887976ms] [LOG] [WS] onclose - code: 1006 reason:  wasClean: false session: 01KV9DCFEF3S7VKN4B5SHGM95J @ http://localhost:3000/_next/static/chunks/Documents_GitHub_aede_ui_49f4b20c._.js:1376
[ 1887976ms] [LOG] [WS] onclose - code: 1006 reason:  wasClean: false session: 01KV9DCFEF3S7VKN4B5SHGM95J @ http://localhost:3000/_next/static/chunks/Documents_GitHub_aede_ui_49f4b20c._.js:1376
[ 1887976ms] [LOG] [WS] onclose - code: 1006 reason:  wasClean: false session: 01KV9DCFEF3S7VKN4B5SHGM95J @ http://localhost:3000/_next/static/chunks/Documents_GitHub_aede_ui_49f4b20c._.js:1376
[ 1887977ms] [LOG] [WS] onclose - code: 1006 reason:  wasClean: false session: 01KV9DCFEF3S7VKN4B5SHGM95J @ http://localhost:3000/_next/static/chunks/Documents_GitHub_aede_ui_49f4b20c._.js:1376
[ 1887977ms] [LOG] [WS] onclose - code: 1006 reason:  wasClean: false session: 01KV9DHJVE5WW7H1G5WENWT21G @ http://localhost:3000/_next/static/chunks/Documents_GitHub_aede_ui_49f4b20c._.js:1376
[ 1887977ms] [LOG] [WS] onclose - code: 1006 reason:  wasClean: false session: 01KV9DHJVE5WW7H1G5WENWT21G @ http://localhost:3000/_next/static/chunks/Documents_GitHub_aede_ui_49f4b20c._.js:1376
[ 1887977ms] [LOG] [WS] onclose - code: 1006 reason:  wasClean: false session: 01KV9DHJVE5WW7H1G5WENWT21G @ http://localhost:3000/_next/static/chunks/Documents_GitHub_aede_ui_49f4b20c._.js:1376
[ 1887978ms] [LOG] [WS] onclose - code: 1006 reason:  wasClean: false session: 01KV9DHJVE5WW7H1G5WENWT21G @ http://localhost:3000/_next/static/chunks/Documents_GitHub_aede_ui_49f4b20c._.js:1376
[ 1887978ms] [LOG] [WS] onclose - code: 1006 reason:  wasClean: false session: 01KV9DCFEF3S7VKN4B5SHGM95J @ http://localhost:3000/_next/static/chunks/Documents_GitHub_aede_ui_49f4b20c._.js:1376
[ 1887978ms] [LOG] [WS] onclose - code: 1006 reason:  wasClean: false session: 01KV9DCFEF3S7VKN4B5SHGM95J @ http://localhost:3000/_next/static/chunks/Documents_GitHub_aede_ui_49f4b20c._.js:1376
[ 1887978ms] [LOG] [WS] onclose - code: 1006 reason:  wasClean: false session: 01KV9DCFEF3S7VKN4B5SHGM95J @ http://localhost:3000/_next/static/chunks/Documents_GitHub_aede_ui_49f4b20c._.js:1376
[ 1887978ms] [LOG] [WS] onclose - code: 1006 reason:  wasClean: false session: 01KV9DHJVE5WW7H1G5WENWT21G @ http://localhost:3000/_next/static/chunks/Documents_GitHub_aede_ui_49f4b20c._.js:1376
[ 1887979ms] [LOG] [WS] onclose - code: 1006 reason:  wasClean: false session: 01KV9DCFEF3S7VKN4B5SHGM95J @ http://localhost:3000/_next/static/chunks/Documents_GitHub_aede_ui_49f4b20c._.js:1376
[ 1887979ms] [LOG] [WS] onclose - code: 1006 reason:  wasClean: false session: 01KV9DHJVE5WW7H1G5WENWT21G @ http://localhost:3000/_next/static/chunks/Documents_GitHub_aede_ui_49f4b20c._.js:1376
[ 1887979ms] [LOG] [WS] onclose - code: 1006 reason:  wasClean: false session: 01KV9DCFEF3S7VKN4B5SHGM95J @ http://localhost:3000/_next/static/chunks/Documents_GitHub_aede_ui_49f4b20c._.js:1376
[ 1887979ms] [LOG] [WS] onclose - code: 1006 reason:  wasClean: false session: 01KV9DCFEF3S7VKN4B5SHGM95J @ http://localhost:3000/_next/static/chunks/Documents_GitHub_aede_ui_49f4b20c._.js:1376
[ 1887980ms] [LOG] [WS] onclose - code: 1006 reason:  wasClean: false session: 01KV9DCFEF3S7VKN4B5SHGM95J @ http://localhost:3000/_next/static/chunks/Documents_GitHub_aede_ui_49f4b20c._.js:1376
[ 1887980ms] [LOG] [WS] onclose - code: 1006 reason:  wasClean: false session: 01KV9DHJVE5WW7H1G5WENWT21G @ http://localhost:3000/_next/static/chunks/Documents_GitHub_aede_ui_49f4b20c._.js:1376
[ 1887980ms] [LOG] [WS] onclose - code: 1006 reason:  wasClean: false session: 01KV9DCFEF3S7VKN4B5SHGM95J @ http://localhost:3000/_next/static/chunks/Documents_GitHub_aede_ui_49f4b20c._.js:1376
[ 1887980ms] [LOG] [WS] onclose - code: 1006 reason:  wasClean: false session: 01KV9CABVNPJ7S66WZ45SPF76C @ http://localhost:3000/_next/static/chunks/Documents_GitHub_aede_ui_49f4b20c._.js:1376
[ 1891295ms] [ERROR] Failed to load resource: net::ERR_CONNECTION_REFUSED @ http://localhost:8000/api/acp/status:0
[ 1894658ms] [ERROR] Failed to load resource: net::ERR_CONNECTION_REFUSED @ http://localhost:8000/api/acp/status:0
[ 1899026ms] [ERROR] Failed to load resource: net::ERR_CONNECTION_REFUSED @ http://localhost:8000/api/acp/status:0
[ 1905396ms] [ERROR] Failed to load resource: net::ERR_CONNECTION_REFUSED @ http://localhost:8000/api/acp/status:0
[ 1912750ms] [ERROR] Failed to load resource: net::ERR_CONNECTION_REFUSED @ http://localhost:8000/api/acp/status:0
[ 1916110ms] [ERROR] Failed to load resource: net::ERR_CONNECTION_REFUSED @ http://localhost:8000/api/acp/status:0
[ 1939691ms] [LOG] [Fast Refresh] rebuilding @ http://localhost:3000/_next/static/chunks/bb610_next_dist_client_56815ff6._.js:5964
[ 1940560ms] [LOG] [Fast Refresh] done in 973ms @ http://localhost:3000/_next/static/chunks/bb610_next_dist_client_56815ff6._.js:5824
