[     529ms] [LOG] [Fast Refresh] rebuilding @ http://localhost:3000/_next/static/chunks/bb610_next_dist_client_56815ff6._.js:5964
[     814ms] [LOG] [Fast Refresh] done in 386ms @ http://localhost:3000/_next/static/chunks/bb610_next_dist_client_56815ff6._.js:5824
[    1076ms] [INFO] %cDownload the React DevTools for a better development experience: https://react.dev/link/react-devtools font-weight:bold @ http://localhost:3000/_next/static/chunks/bb610_next_dist_compiled_react-dom_c8e63228._.js:14537
[   31540ms] [LOG] [WS] creating socket: ws://localhost:8000/ws/sessions/01KV8KRVTAGF6Z1HBVB1XFAQ1W @ http://localhost:3000/_next/static/chunks/Documents_GitHub_aede_ui_49f4b20c._.js:1314
[   31542ms] [LOG] [WS] creating socket: ws://localhost:8000/ws/sessions/01KV8KRVTAGF6Z1HBVB1XFAQ1W @ http://localhost:3000/_next/static/chunks/Documents_GitHub_aede_ui_49f4b20c._.js:1314
[   31552ms] [LOG] [WS] creating socket: ws://localhost:8000/ws/sessions/01KV8KRVTAGF6Z1HBVB1XFAQ1W @ http://localhost:3000/_next/static/chunks/Documents_GitHub_aede_ui_49f4b20c._.js:1314
[   31554ms] [LOG] [WS] send deferred - socket not OPEN yet, retrying... @ http://localhost:3000/_next/static/chunks/Documents_GitHub_aede_ui_49f4b20c._.js:1376
[   31558ms] [LOG] [WS] cleanup - readyState: 0 session: 01KV8KRVTAGF6Z1HBVB1XFAQ1W @ http://localhost:3000/_next/static/chunks/Documents_GitHub_aede_ui_49f4b20c._.js:1339
[   31558ms] [LOG] [WS] cleanup - readyState: 0 session: 01KV8KRVTAGF6Z1HBVB1XFAQ1W @ http://localhost:3000/_next/static/chunks/Documents_GitHub_aede_ui_49f4b20c._.js:1339
[   31559ms] [LOG] [WS] cleanup - readyState: 0 session: 01KV8KRVTAGF6Z1HBVB1XFAQ1W @ http://localhost:3000/_next/static/chunks/Documents_GitHub_aede_ui_49f4b20c._.js:1339
[   31560ms] [LOG] [WS] creating socket: ws://localhost:8000/ws/sessions/01KV8KRVTAGF6Z1HBVB1XFAQ1W @ http://localhost:3000/_next/static/chunks/Documents_GitHub_aede_ui_49f4b20c._.js:1314
[   31561ms] [LOG] [WS] creating socket: ws://localhost:8000/ws/sessions/01KV8KRVTAGF6Z1HBVB1XFAQ1W @ http://localhost:3000/_next/static/chunks/Documents_GitHub_aede_ui_49f4b20c._.js:1314
[   31565ms] [LOG] [WS] creating socket: ws://localhost:8000/ws/sessions/01KV8KRVTAGF6Z1HBVB1XFAQ1W @ http://localhost:3000/_next/static/chunks/Documents_GitHub_aede_ui_49f4b20c._.js:1314
[   32352ms] [LOG] [WS] onopen - readyState: 1 session: 01KV8KRVTAGF6Z1HBVB1XFAQ1W @ http://localhost:3000/_next/static/chunks/Documents_GitHub_aede_ui_49f4b20c._.js:1319
[   32352ms] [LOG] [WS] onopen - readyState: 1 session: 01KV8KRVTAGF6Z1HBVB1XFAQ1W @ http://localhost:3000/_next/static/chunks/Documents_GitHub_aede_ui_49f4b20c._.js:1319
[   32352ms] [LOG] [WS] onopen - readyState: 1 session: 01KV8KRVTAGF6Z1HBVB1XFAQ1W @ http://localhost:3000/_next/static/chunks/Documents_GitHub_aede_ui_49f4b20c._.js:1319
[   32465ms] [LOG] [WS] send success - sending payload type: user_message @ http://localhost:3000/_next/static/chunks/Documents_GitHub_aede_ui_49f4b20c._.js:1368
[   32467ms] [LOG] [WS] send succeeded after 8 retries @ http://localhost:3000/_next/static/chunks/Documents_GitHub_aede_ui_49f4b20c._.js:1384
[   40455ms] [LOG] [Fast Refresh] rebuilding @ http://localhost:3000/_next/static/chunks/bb610_next_dist_client_56815ff6._.js:5964
[   41053ms] [LOG] [Fast Refresh] done in 699ms @ http://localhost:3000/_next/static/chunks/bb610_next_dist_client_56815ff6._.js:5824
[   74559ms] [LOG] [Fast Refresh] rebuilding @ http://localhost:3000/_next/static/chunks/bb610_next_dist_client_56815ff6._.js:5964
[   74986ms] [LOG] [Fast Refresh] done in 532ms @ http://localhost:3000/_next/static/chunks/bb610_next_dist_client_56815ff6._.js:5824
[  162627ms] [LOG] [WS] send success - sending payload type: user_message @ http://localhost:3000/_next/static/chunks/Documents_GitHub_aede_ui_49f4b20c._.js:1368
[  162732ms] [LOG] [WS] onclose - code: 1006 reason:  wasClean: false session: 01KV8KRVTAGF6Z1HBVB1XFAQ1W @ http://localhost:3000/_next/static/chunks/Documents_GitHub_aede_ui_49f4b20c._.js:1334
[  254524ms] [LOG] [WS] onclose - code: 1006 reason:  wasClean: false session: 01KV8KRVTAGF6Z1HBVB1XFAQ1W @ http://localhost:3000/_next/static/chunks/Documents_GitHub_aede_ui_49f4b20c._.js:1334
[  254524ms] [LOG] [WS] onclose - code: 1006 reason:  wasClean: false session: 01KV8KRVTAGF6Z1HBVB1XFAQ1W @ http://localhost:3000/_next/static/chunks/Documents_GitHub_aede_ui_49f4b20c._.js:1334
[  259547ms] [ERROR] Failed to load resource: net::ERR_CONNECTION_REFUSED @ http://localhost:8000/api/acp/status:0
[  262917ms] [ERROR] Failed to load resource: net::ERR_CONNECTION_REFUSED @ http://localhost:8000/api/acp/status:0
[  267264ms] [ERROR] Failed to load resource: net::ERR_CONNECTION_REFUSED @ http://localhost:8000/api/acp/status:0
[  273639ms] [ERROR] Failed to load resource: net::ERR_CONNECTION_REFUSED @ http://localhost:8000/api/acp/status:0
[  281002ms] [ERROR] Failed to load resource: net::ERR_CONNECTION_REFUSED @ http://localhost:8000/api/acp/status:0
[  284380ms] [ERROR] Failed to load resource: net::ERR_CONNECTION_REFUSED @ http://localhost:8000/api/acp/status:0
