[     342ms] [LOG] [Fast Refresh] rebuilding @ http://localhost:3000/_next/static/chunks/bb610_next_dist_client_56815ff6._.js:5964
[     357ms] [LOG] [Fast Refresh] done in 119ms @ http://localhost:3000/_next/static/chunks/bb610_next_dist_client_56815ff6._.js:5824
[     573ms] [INFO] %cDownload the React DevTools for a better development experience: https://react.dev/link/react-devtools font-weight:bold @ http://localhost:3000/_next/static/chunks/bb610_next_dist_compiled_react-dom_c8e63228._.js:14537
[   14772ms] [LOG] [WS] creating socket: ws://localhost:8000/ws/sessions/01KV8M4AGNAHT48680MCRGERTM @ http://localhost:3000/_next/static/chunks/Documents_GitHub_aede_ui_49f4b20c._.js:1314
[   14774ms] [LOG] [WS] creating socket: ws://localhost:8000/ws/sessions/01KV8M4AGNAHT48680MCRGERTM @ http://localhost:3000/_next/static/chunks/Documents_GitHub_aede_ui_49f4b20c._.js:1314
[   14784ms] [LOG] [WS] creating socket: ws://localhost:8000/ws/sessions/01KV8M4AGNAHT48680MCRGERTM @ http://localhost:3000/_next/static/chunks/Documents_GitHub_aede_ui_49f4b20c._.js:1314
[   14787ms] [LOG] [WS] send deferred - socket not OPEN yet, retrying... @ http://localhost:3000/_next/static/chunks/Documents_GitHub_aede_ui_49f4b20c._.js:1376
[   14792ms] [LOG] [WS] cleanup - readyState: 0 session: 01KV8M4AGNAHT48680MCRGERTM @ http://localhost:3000/_next/static/chunks/Documents_GitHub_aede_ui_49f4b20c._.js:1339
[   14793ms] [LOG] [WS] cleanup - readyState: 0 session: 01KV8M4AGNAHT48680MCRGERTM @ http://localhost:3000/_next/static/chunks/Documents_GitHub_aede_ui_49f4b20c._.js:1339
[   14793ms] [LOG] [WS] cleanup - readyState: 0 session: 01KV8M4AGNAHT48680MCRGERTM @ http://localhost:3000/_next/static/chunks/Documents_GitHub_aede_ui_49f4b20c._.js:1339
[   14795ms] [LOG] [WS] creating socket: ws://localhost:8000/ws/sessions/01KV8M4AGNAHT48680MCRGERTM @ http://localhost:3000/_next/static/chunks/Documents_GitHub_aede_ui_49f4b20c._.js:1314
[   14797ms] [LOG] [WS] creating socket: ws://localhost:8000/ws/sessions/01KV8M4AGNAHT48680MCRGERTM @ http://localhost:3000/_next/static/chunks/Documents_GitHub_aede_ui_49f4b20c._.js:1314
[   14801ms] [LOG] [WS] creating socket: ws://localhost:8000/ws/sessions/01KV8M4AGNAHT48680MCRGERTM @ http://localhost:3000/_next/static/chunks/Documents_GitHub_aede_ui_49f4b20c._.js:1314
[   15412ms] [LOG] [WS] onopen - readyState: 1 session: 01KV8M4AGNAHT48680MCRGERTM @ http://localhost:3000/_next/static/chunks/Documents_GitHub_aede_ui_49f4b20c._.js:1319
[   15412ms] [LOG] [WS] onopen - readyState: 1 session: 01KV8M4AGNAHT48680MCRGERTM @ http://localhost:3000/_next/static/chunks/Documents_GitHub_aede_ui_49f4b20c._.js:1319
[   15413ms] [LOG] [WS] onopen - readyState: 1 session: 01KV8M4AGNAHT48680MCRGERTM @ http://localhost:3000/_next/static/chunks/Documents_GitHub_aede_ui_49f4b20c._.js:1319
[   15492ms] [LOG] [WS] send success - sending payload type: user_message @ http://localhost:3000/_next/static/chunks/Documents_GitHub_aede_ui_49f4b20c._.js:1368
[   15492ms] [LOG] [WS] send succeeded after 6 retries @ http://localhost:3000/_next/static/chunks/Documents_GitHub_aede_ui_49f4b20c._.js:1384
[   31258ms] [LOG] [Fast Refresh] rebuilding @ http://localhost:3000/_next/static/chunks/bb610_next_dist_client_56815ff6._.js:5964
[   31647ms] [LOG] [Fast Refresh] done in 502ms @ http://localhost:3000/_next/static/chunks/bb610_next_dist_client_56815ff6._.js:5824
[   74137ms] [LOG] [Fast Refresh] rebuilding @ http://localhost:3000/_next/static/chunks/bb610_next_dist_client_56815ff6._.js:5964
[   74387ms] [LOG] [Fast Refresh] done in 356ms @ http://localhost:3000/_next/static/chunks/bb610_next_dist_client_56815ff6._.js:5824
[  104533ms] [LOG] [Fast Refresh] rebuilding @ http://localhost:3000/_next/static/chunks/bb610_next_dist_client_56815ff6._.js:5964
[  104537ms] [LOG] [Fast Refresh] done in 109ms @ http://localhost:3000/_next/static/chunks/bb610_next_dist_client_56815ff6._.js:5824
[  493678ms] [LOG] [WS] onclose - code: 1006 reason:  wasClean: false session: 01KV8M4AGNAHT48680MCRGERTM @ http://localhost:3000/_next/static/chunks/Documents_GitHub_aede_ui_49f4b20c._.js:1334
[  493678ms] [LOG] [WS] onclose - code: 1006 reason:  wasClean: false session: 01KV8M4AGNAHT48680MCRGERTM @ http://localhost:3000/_next/static/chunks/Documents_GitHub_aede_ui_49f4b20c._.js:1334
[  493678ms] [LOG] [WS] onclose - code: 1006 reason:  wasClean: false session: 01KV8M4AGNAHT48680MCRGERTM @ http://localhost:3000/_next/static/chunks/Documents_GitHub_aede_ui_49f4b20c._.js:1334
[  496063ms] [ERROR] Failed to load resource: net::ERR_CONNECTION_REFUSED @ http://localhost:8000/api/acp/status:0
[  499447ms] [ERROR] Failed to load resource: net::ERR_CONNECTION_REFUSED @ http://localhost:8000/api/acp/status:0
[  503811ms] [ERROR] Failed to load resource: net::ERR_CONNECTION_REFUSED @ http://localhost:8000/api/acp/status:0
[  510184ms] [ERROR] Failed to load resource: net::ERR_CONNECTION_REFUSED @ http://localhost:8000/api/acp/status:0
[  517610ms] [ERROR] Failed to load resource: net::ERR_CONNECTION_REFUSED @ http://localhost:8000/api/acp/status:0
